Archive member included to satisfy reference by file (symbol)

k:/intelfpga_lite/18.1/nios2eds/bin/gnu/h-x86_64-mingw32/bin/../lib/gcc/nios2-elf/5.3.0/../../../../../H-x86_64-mingw32/nios2-elf/lib/mno-hw-mul\libsmallc.a(lib_a-puts.o)
                              obj/default/sem.o (puts)
k:/intelfpga_lite/18.1/nios2eds/bin/gnu/h-x86_64-mingw32/bin/../lib/gcc/nios2-elf/5.3.0/../../../../../H-x86_64-mingw32/nios2-elf/lib/mno-hw-mul\libsmallc.a(lib_a-strlen.o)
                              k:/intelfpga_lite/18.1/nios2eds/bin/gnu/h-x86_64-mingw32/bin/../lib/gcc/nios2-elf/5.3.0/../../../../../H-x86_64-mingw32/nios2-elf/lib/mno-hw-mul\libsmallc.a(lib_a-puts.o) (strlen)
k:/intelfpga_lite/18.1/nios2eds/bin/gnu/h-x86_64-mingw32/bin/../lib/gcc/nios2-elf/5.3.0/../../../../../H-x86_64-mingw32/nios2-elf/lib/mno-hw-mul\libsmallc.a(lib_a-fvwrite_small_dev.o)
                              k:/intelfpga_lite/18.1/nios2eds/bin/gnu/h-x86_64-mingw32/bin/../lib/gcc/nios2-elf/5.3.0/../../../../../H-x86_64-mingw32/nios2-elf/lib/mno-hw-mul\libsmallc.a(lib_a-puts.o) (__sfvwrite_small_dev)
k:/intelfpga_lite/18.1/nios2eds/bin/gnu/h-x86_64-mingw32/bin/../lib/gcc/nios2-elf/5.3.0/../../../../../H-x86_64-mingw32/nios2-elf/lib/mno-hw-mul\libsmallc.a(lib_a-impure.o)
                              k:/intelfpga_lite/18.1/nios2eds/bin/gnu/h-x86_64-mingw32/bin/../lib/gcc/nios2-elf/5.3.0/../../../../../H-x86_64-mingw32/nios2-elf/lib/mno-hw-mul\libsmallc.a(lib_a-puts.o) (_impure_ptr)
k:/intelfpga_lite/18.1/nios2eds/bin/gnu/h-x86_64-mingw32/bin/../lib/gcc/nios2-elf/5.3.0/../../../../../H-x86_64-mingw32/nios2-elf/lib/mno-hw-mul\libsmallc.a(lib_a-writer.o)
                              k:/intelfpga_lite/18.1/nios2eds/bin/gnu/h-x86_64-mingw32/bin/../lib/gcc/nios2-elf/5.3.0/../../../../../H-x86_64-mingw32/nios2-elf/lib/mno-hw-mul\libsmallc.a(lib_a-fvwrite_small_dev.o) (_write_r)
k:/intelfpga_lite/18.1/nios2eds/bin/gnu/h-x86_64-mingw32/bin/../lib/gcc/nios2-elf/5.3.0/../../../../../H-x86_64-mingw32/nios2-elf/lib/mno-hw-mul\libsmallc.a(lib_a-int_errno.o)
                              k:/intelfpga_lite/18.1/nios2eds/bin/gnu/h-x86_64-mingw32/bin/../lib/gcc/nios2-elf/5.3.0/../../../../../H-x86_64-mingw32/nios2-elf/lib/mno-hw-mul\libsmallc.a(lib_a-writer.o) (errno)
../Lab2_bsp/\libhal_bsp.a(alt_dcache_flush.o)
                              obj/default/sem.o (alt_dcache_flush)
../Lab2_bsp/\libhal_bsp.a(alt_load.o)
                              ../Lab2_bsp//obj/HAL/src/crt0.o (alt_load)
../Lab2_bsp/\libhal_bsp.a(alt_main.o)
                              ../Lab2_bsp//obj/HAL/src/crt0.o (alt_main)
../Lab2_bsp/\libhal_bsp.a(alt_write.o)
                              k:/intelfpga_lite/18.1/nios2eds/bin/gnu/h-x86_64-mingw32/bin/../lib/gcc/nios2-elf/5.3.0/../../../../../H-x86_64-mingw32/nios2-elf/lib/mno-hw-mul\libsmallc.a(lib_a-writer.o) (write)
../Lab2_bsp/\libhal_bsp.a(alt_sys_init.o)
                              ../Lab2_bsp/\libhal_bsp.a(alt_main.o) (alt_irq_init)
../Lab2_bsp/\libhal_bsp.a(altera_avalon_jtag_uart_fd.o)
                              ../Lab2_bsp/\libhal_bsp.a(alt_sys_init.o) (altera_avalon_jtag_uart_read_fd)
../Lab2_bsp/\libhal_bsp.a(altera_avalon_jtag_uart_init.o)
                              ../Lab2_bsp/\libhal_bsp.a(alt_sys_init.o) (altera_avalon_jtag_uart_init)
../Lab2_bsp/\libhal_bsp.a(altera_avalon_jtag_uart_ioctl.o)
                              ../Lab2_bsp/\libhal_bsp.a(altera_avalon_jtag_uart_fd.o) (altera_avalon_jtag_uart_ioctl)
../Lab2_bsp/\libhal_bsp.a(altera_avalon_jtag_uart_read.o)
                              ../Lab2_bsp/\libhal_bsp.a(altera_avalon_jtag_uart_fd.o) (altera_avalon_jtag_uart_read)
../Lab2_bsp/\libhal_bsp.a(altera_avalon_jtag_uart_write.o)
                              ../Lab2_bsp/\libhal_bsp.a(altera_avalon_jtag_uart_fd.o) (altera_avalon_jtag_uart_write)
../Lab2_bsp/\libhal_bsp.a(altera_avalon_timer_sc.o)
                              ../Lab2_bsp/\libhal_bsp.a(alt_sys_init.o) (alt_avalon_timer_sc_init)
../Lab2_bsp/\libhal_bsp.a(alt_alarm_start.o)
                              ../Lab2_bsp/\libhal_bsp.a(altera_avalon_jtag_uart_init.o) (alt_alarm_start)
../Lab2_bsp/\libhal_bsp.a(alt_close.o)
                              ../Lab2_bsp/\libhal_bsp.a(alt_main.o) (close)
../Lab2_bsp/\libhal_bsp.a(alt_dcache_flush_all.o)
                              ../Lab2_bsp/\libhal_bsp.a(alt_load.o) (alt_dcache_flush_all)
../Lab2_bsp/\libhal_bsp.a(alt_dev.o)
                              ../Lab2_bsp/\libhal_bsp.a(alt_sys_init.o) (alt_dev_list)
../Lab2_bsp/\libhal_bsp.a(alt_dev_llist_insert.o)
                              ../Lab2_bsp/\libhal_bsp.a(alt_sys_init.o) (alt_dev_llist_insert)
../Lab2_bsp/\libhal_bsp.a(alt_errno.o)
                              ../Lab2_bsp/\libhal_bsp.a(alt_write.o) (alt_errno)
../Lab2_bsp/\libhal_bsp.a(alt_icache_flush_all.o)
                              ../Lab2_bsp/\libhal_bsp.a(alt_load.o) (alt_icache_flush_all)
../Lab2_bsp/\libhal_bsp.a(alt_iic.o)
                              ../Lab2_bsp/\libhal_bsp.a(altera_avalon_jtag_uart_init.o) (alt_ic_isr_register)
../Lab2_bsp/\libhal_bsp.a(alt_iic_isr_register.o)
                              ../Lab2_bsp/\libhal_bsp.a(alt_iic.o) (alt_iic_isr_register)
../Lab2_bsp/\libhal_bsp.a(alt_io_redirect.o)
                              ../Lab2_bsp/\libhal_bsp.a(alt_main.o) (alt_io_redirect)
../Lab2_bsp/\libhal_bsp.a(alt_irq_entry.o)
                              ../Lab2_bsp/\libhal_bsp.a(alt_iic_isr_register.o) (alt_irq_entry)
../Lab2_bsp/\libhal_bsp.a(alt_irq_handler.o)
                              ../Lab2_bsp/\libhal_bsp.a(alt_iic_isr_register.o) (alt_irq)
../Lab2_bsp/\libhal_bsp.a(alt_irq_vars.o)
                              ../Lab2_bsp/\libhal_bsp.a(alt_iic.o) (alt_irq_active)
../Lab2_bsp/\libhal_bsp.a(alt_open.o)
                              ../Lab2_bsp/\libhal_bsp.a(alt_io_redirect.o) (open)
../Lab2_bsp/\libhal_bsp.a(alt_release_fd.o)
                              ../Lab2_bsp/\libhal_bsp.a(alt_close.o) (alt_release_fd)
../Lab2_bsp/\libhal_bsp.a(alt_tick.o)
                              ../Lab2_bsp/\libhal_bsp.a(altera_avalon_jtag_uart_init.o) (_alt_tick_rate)
../Lab2_bsp/\libhal_bsp.a(altera_nios2_gen2_irq.o)
                              ../Lab2_bsp/\libhal_bsp.a(alt_sys_init.o) (altera_nios2_gen2_irq_init)
../Lab2_bsp/\libhal_bsp.a(alt_exception_entry.o)
                              ../Lab2_bsp/\libhal_bsp.a(alt_irq_entry.o) (alt_exception)
../Lab2_bsp/\libhal_bsp.a(alt_find_dev.o)
                              ../Lab2_bsp/\libhal_bsp.a(alt_open.o) (alt_find_dev)
../Lab2_bsp/\libhal_bsp.a(alt_find_file.o)
                              ../Lab2_bsp/\libhal_bsp.a(alt_open.o) (alt_find_file)
../Lab2_bsp/\libhal_bsp.a(alt_get_fd.o)
                              ../Lab2_bsp/\libhal_bsp.a(alt_open.o) (alt_get_fd)
../Lab2_bsp/\libhal_bsp.a(alt_instruction_exception_entry.o)
                              ../Lab2_bsp/\libhal_bsp.a(alt_exception_entry.o) (alt_instruction_exception_entry)
k:/intelfpga_lite/18.1/nios2eds/bin/gnu/h-x86_64-mingw32/bin/../lib/gcc/nios2-elf/5.3.0/../../../../../H-x86_64-mingw32/nios2-elf/lib/mno-hw-mul\libsmallc.a(lib_a-exit.o)
                              ../Lab2_bsp/\libhal_bsp.a(alt_main.o) (exit)
k:/intelfpga_lite/18.1/nios2eds/bin/gnu/h-x86_64-mingw32/bin/../lib/gcc/nios2-elf/5.3.0/../../../../../H-x86_64-mingw32/nios2-elf/lib/mno-hw-mul\libsmallc.a(lib_a-memcmp.o)
                              ../Lab2_bsp/\libhal_bsp.a(alt_find_dev.o) (memcmp)
k:/intelfpga_lite/18.1/nios2eds/bin/gnu/h-x86_64-mingw32/bin/../lib/gcc/nios2-elf/5.3.0/../../../../../H-x86_64-mingw32/nios2-elf/lib/mno-hw-mul\libsmallc.a(lib_a-memcpy.o)
                              ../Lab2_bsp/\libhal_bsp.a(altera_avalon_jtag_uart_read.o) (memcpy)
k:/intelfpga_lite/18.1/nios2eds/bin/gnu/h-x86_64-mingw32/bin/../lib/gcc/nios2-elf/5.3.0/../../../../../H-x86_64-mingw32/nios2-elf/lib/mno-hw-mul\libsmallc.a(lib_a-__call_atexit.o)
                              k:/intelfpga_lite/18.1/nios2eds/bin/gnu/h-x86_64-mingw32/bin/../lib/gcc/nios2-elf/5.3.0/../../../../../H-x86_64-mingw32/nios2-elf/lib/mno-hw-mul\libsmallc.a(lib_a-exit.o) (__call_exitprocs)
k:/intelfpga_lite/18.1/nios2eds/bin/gnu/h-x86_64-mingw32/bin/../lib/gcc/nios2-elf/5.3.0/mno-hw-mul\libgcc.a(lib2-mul.o)
                              ../Lab2_bsp/\libhal_bsp.a(alt_write.o) (__mulsi3)
../Lab2_bsp/\libhal_bsp.a(alt_exit.o)
                              k:/intelfpga_lite/18.1/nios2eds/bin/gnu/h-x86_64-mingw32/bin/../lib/gcc/nios2-elf/5.3.0/../../../../../H-x86_64-mingw32/nios2-elf/lib/mno-hw-mul\libsmallc.a(lib_a-exit.o) (_exit)

Allocating common symbols
Common symbol       size              file

alt_irq             0x100             ../Lab2_bsp/\libhal_bsp.a(alt_irq_handler.o)
errno               0x4               k:/intelfpga_lite/18.1/nios2eds/bin/gnu/h-x86_64-mingw32/bin/../lib/gcc/nios2-elf/5.3.0/../../../../../H-x86_64-mingw32/nios2-elf/lib/mno-hw-mul\libsmallc.a(lib_a-int_errno.o)

Memory Configuration

Name             Origin             Length             Attributes
reset            0x0000000000000000 0x0000000000000020
mem              0x0000000000000020 0x000000000001ffe0
*default*        0x0000000000000000 0xffffffffffffffff

Linker script and memory map

LOAD ../Lab2_bsp//obj/HAL/src/crt0.o
LOAD obj/default/sem.o
LOAD k:/intelfpga_lite/18.1/nios2eds/bin/gnu/h-x86_64-mingw32/bin/../lib/gcc/nios2-elf/5.3.0/../../../../../H-x86_64-mingw32/nios2-elf/lib/mno-hw-mul\libstdc++.a
LOAD k:/intelfpga_lite/18.1/nios2eds/bin/gnu/h-x86_64-mingw32/bin/../lib/gcc/nios2-elf/5.3.0/../../../../../H-x86_64-mingw32/nios2-elf/lib/mno-hw-mul\libm.a
LOAD k:/intelfpga_lite/18.1/nios2eds/bin/gnu/h-x86_64-mingw32/bin/../lib/gcc/nios2-elf/5.3.0/mno-hw-mul\libgcc.a
START GROUP
LOAD k:/intelfpga_lite/18.1/nios2eds/bin/gnu/h-x86_64-mingw32/bin/../lib/gcc/nios2-elf/5.3.0/../../../../../H-x86_64-mingw32/nios2-elf/lib/mno-hw-mul\libsmallc.a
LOAD k:/intelfpga_lite/18.1/nios2eds/bin/gnu/h-x86_64-mingw32/bin/../lib/gcc/nios2-elf/5.3.0/mno-hw-mul\libgcc.a
LOAD ../Lab2_bsp/\libhal_bsp.a
LOAD k:/intelfpga_lite/18.1/nios2eds/bin/gnu/h-x86_64-mingw32/bin/../lib/gcc/nios2-elf/5.3.0/../../../../../H-x86_64-mingw32/nios2-elf/lib/mno-hw-mul\libm.a
END GROUP
LOAD k:/intelfpga_lite/18.1/nios2eds/bin/gnu/h-x86_64-mingw32/bin/../lib/gcc/nios2-elf/5.3.0/mno-hw-mul\libgcc.a
                0x0000000000000000                __alt_mem_mem = 0x0

.entry          0x0000000000000000       0x20
 *(.entry)
 .entry         0x0000000000000000       0x20 ../Lab2_bsp//obj/HAL/src/crt0.o
                0x0000000000000000                __reset

.exceptions     0x0000000000000020      0x210
                0x0000000000000020                PROVIDE (__ram_exceptions_start, ABSOLUTE (.))
                0x0000000000000020                . = ALIGN (0x20)
 *(.irq)
 *(.exceptions.entry.label)
 .exceptions.entry.label
                0x0000000000000020        0x0 ../Lab2_bsp/\libhal_bsp.a(alt_irq_entry.o)
                0x0000000000000020                alt_irq_entry
 .exceptions.entry.label
                0x0000000000000020        0x0 ../Lab2_bsp/\libhal_bsp.a(alt_exception_entry.o)
                0x0000000000000020                alt_exception
 *(.exceptions.entry.user)
 *(.exceptions.entry.ecc_fatal)
 *(.exceptions.entry)
 .exceptions.entry
                0x0000000000000020       0x54 ../Lab2_bsp/\libhal_bsp.a(alt_exception_entry.o)
 *(.exceptions.irqtest.user)
 *(.exceptions.irqtest)
 .exceptions.irqtest
                0x0000000000000074       0x10 ../Lab2_bsp/\libhal_bsp.a(alt_irq_entry.o)
 *(.exceptions.irqhandler.user)
 *(.exceptions.irqhandler)
 .exceptions.irqhandler
                0x0000000000000084        0x4 ../Lab2_bsp/\libhal_bsp.a(alt_irq_entry.o)
 *(.exceptions.irqreturn.user)
 *(.exceptions.irqreturn)
 .exceptions.irqreturn
                0x0000000000000088        0x4 ../Lab2_bsp/\libhal_bsp.a(alt_irq_entry.o)
 *(.exceptions.notirq.label)
 .exceptions.notirq.label
                0x000000000000008c        0x0 ../Lab2_bsp/\libhal_bsp.a(alt_irq_entry.o)
 *(.exceptions.notirq.user)
 *(.exceptions.notirq)
 .exceptions.notirq
                0x000000000000008c        0x8 ../Lab2_bsp/\libhal_bsp.a(alt_exception_entry.o)
 *(.exceptions.soft.user)
 *(.exceptions.soft)
 *(.exceptions.unknown.user)
 *(.exceptions.unknown)
 .exceptions.unknown
                0x0000000000000094       0x14 ../Lab2_bsp/\libhal_bsp.a(alt_exception_entry.o)
 *(.exceptions.exit.label)
 .exceptions.exit.label
                0x00000000000000a8        0x0 ../Lab2_bsp/\libhal_bsp.a(alt_irq_entry.o)
 .exceptions.exit.label
                0x00000000000000a8        0x0 ../Lab2_bsp/\libhal_bsp.a(alt_exception_entry.o)
 *(.exceptions.exit.user)
 *(.exceptions.exit)
 .exceptions.exit
                0x00000000000000a8       0x54 ../Lab2_bsp/\libhal_bsp.a(alt_exception_entry.o)
 *(.exceptions)
 .exceptions    0x00000000000000fc       0xd4 ../Lab2_bsp/\libhal_bsp.a(alt_irq_handler.o)
                0x00000000000000fc                alt_irq_handler
 .exceptions    0x00000000000001d0       0x60 ../Lab2_bsp/\libhal_bsp.a(alt_instruction_exception_entry.o)
                0x00000000000001d0                alt_instruction_exception_entry
                0x0000000000000230                PROVIDE (__ram_exceptions_end, ABSOLUTE (.))
                0x0000000000000020                PROVIDE (__flash_exceptions_start, LOADADDR (.exceptions))

.text           0x0000000000000230     0x2378
                [!provide]                        PROVIDE (stext, ABSOLUTE (.))
 *(.interp)
 *(.hash)
 *(.dynsym)
 *(.dynstr)
 *(.gnu.version)
 *(.gnu.version_d)
 *(.gnu.version_r)
 *(.rel.init)
 *(.rela.init)
 *(.rel.text .rel.text.* .rel.gnu.linkonce.t.*)
 *(.rela.text .rela.text.* .rela.gnu.linkonce.t.*)
 *(.rel.fini)
 *(.rela.fini)
 *(.rel.rodata .rel.rodata.* .rel.gnu.linkonce.r.*)
 *(.rela.rodata .rela.rodata.* .rela.gnu.linkonce.r.*)
 *(.rel.data .rel.data.* .rel.gnu.linkonce.d.*)
 *(.rela.data .rela.data.* .rela.gnu.linkonce.d.*)
 *(.rel.tdata .rel.tdata.* .rel.gnu.linkonce.td.*)
 *(.rela.tdata .rela.tdata.* .rela.gnu.linkonce.td.*)
 *(.rel.tbss .rel.tbss.* .rel.gnu.linkonce.tb.*)
 *(.rela.tbss .rela.tbss.* .rela.gnu.linkonce.tb.*)
 *(.rel.ctors)
 *(.rela.ctors)
 *(.rel.dtors)
 *(.rela.dtors)
 *(.rel.got)
 *(.rela.got)
 *(.rel.sdata .rel.sdata.* .rel.gnu.linkonce.s.*)
 *(.rela.sdata .rela.sdata.* .rela.gnu.linkonce.s.*)
 *(.rel.sbss .rel.sbss.* .rel.gnu.linkonce.sb.*)
 *(.rela.sbss .rela.sbss.* .rela.gnu.linkonce.sb.*)
 *(.rel.sdata2 .rel.sdata2.* .rel.gnu.linkonce.s2.*)
 *(.rela.sdata2 .rela.sdata2.* .rela.gnu.linkonce.s2.*)
 *(.rel.sbss2 .rel.sbss2.* .rel.gnu.linkonce.sb2.*)
 *(.rela.sbss2 .rela.sbss2.* .rela.gnu.linkonce.sb2.*)
 *(.rel.bss .rel.bss.* .rel.gnu.linkonce.b.*)
 *(.rela.bss .rela.bss.* .rela.gnu.linkonce.b.*)
 *(.rel.plt)
 *(.rela.plt)
 *(.rel.dyn)
 *(.init)
 *(.plt)
 *(.text .stub .text.* .gnu.linkonce.t.*)
 .text          0x0000000000000230       0x1c ../Lab2_bsp//obj/HAL/src/crt0.o
                0x0000000000000230                _start
 .text          0x000000000000024c      0x100 obj/default/sem.o
                0x000000000000024c                main
 .text          0x000000000000034c        0x0 k:/intelfpga_lite/18.1/nios2eds/bin/gnu/h-x86_64-mingw32/bin/../lib/gcc/nios2-elf/5.3.0/../../../../../H-x86_64-mingw32/nios2-elf/lib/mno-hw-mul\libsmallc.a(lib_a-puts.o)
 .text._puts_r  0x000000000000034c       0x80 k:/intelfpga_lite/18.1/nios2eds/bin/gnu/h-x86_64-mingw32/bin/../lib/gcc/nios2-elf/5.3.0/../../../../../H-x86_64-mingw32/nios2-elf/lib/mno-hw-mul\libsmallc.a(lib_a-puts.o)
                0x000000000000034c                _puts_r
 .text.puts     0x00000000000003cc       0x14 k:/intelfpga_lite/18.1/nios2eds/bin/gnu/h-x86_64-mingw32/bin/../lib/gcc/nios2-elf/5.3.0/../../../../../H-x86_64-mingw32/nios2-elf/lib/mno-hw-mul\libsmallc.a(lib_a-puts.o)
                0x00000000000003cc                puts
 .text          0x00000000000003e0        0x0 k:/intelfpga_lite/18.1/nios2eds/bin/gnu/h-x86_64-mingw32/bin/../lib/gcc/nios2-elf/5.3.0/../../../../../H-x86_64-mingw32/nios2-elf/lib/mno-hw-mul\libsmallc.a(lib_a-strlen.o)
 .text.strlen   0x00000000000003e0       0x1c k:/intelfpga_lite/18.1/nios2eds/bin/gnu/h-x86_64-mingw32/bin/../lib/gcc/nios2-elf/5.3.0/../../../../../H-x86_64-mingw32/nios2-elf/lib/mno-hw-mul\libsmallc.a(lib_a-strlen.o)
                0x00000000000003e0                strlen
 .text          0x00000000000003fc        0x0 k:/intelfpga_lite/18.1/nios2eds/bin/gnu/h-x86_64-mingw32/bin/../lib/gcc/nios2-elf/5.3.0/../../../../../H-x86_64-mingw32/nios2-elf/lib/mno-hw-mul\libsmallc.a(lib_a-fvwrite_small_dev.o)
 .text.__sfvwrite_small_dev
                0x00000000000003fc       0xb8 k:/intelfpga_lite/18.1/nios2eds/bin/gnu/h-x86_64-mingw32/bin/../lib/gcc/nios2-elf/5.3.0/../../../../../H-x86_64-mingw32/nios2-elf/lib/mno-hw-mul\libsmallc.a(lib_a-fvwrite_small_dev.o)
                0x00000000000003fc                __sfvwrite_small_dev
 .text          0x00000000000004b4        0x0 k:/intelfpga_lite/18.1/nios2eds/bin/gnu/h-x86_64-mingw32/bin/../lib/gcc/nios2-elf/5.3.0/../../../../../H-x86_64-mingw32/nios2-elf/lib/mno-hw-mul\libsmallc.a(lib_a-impure.o)
 .text          0x00000000000004b4        0x0 k:/intelfpga_lite/18.1/nios2eds/bin/gnu/h-x86_64-mingw32/bin/../lib/gcc/nios2-elf/5.3.0/../../../../../H-x86_64-mingw32/nios2-elf/lib/mno-hw-mul\libsmallc.a(lib_a-writer.o)
 .text._write_r
                0x00000000000004b4       0x58 k:/intelfpga_lite/18.1/nios2eds/bin/gnu/h-x86_64-mingw32/bin/../lib/gcc/nios2-elf/5.3.0/../../../../../H-x86_64-mingw32/nios2-elf/lib/mno-hw-mul\libsmallc.a(lib_a-writer.o)
                0x00000000000004b4                _write_r
 .text          0x000000000000050c        0x0 k:/intelfpga_lite/18.1/nios2eds/bin/gnu/h-x86_64-mingw32/bin/../lib/gcc/nios2-elf/5.3.0/../../../../../H-x86_64-mingw32/nios2-elf/lib/mno-hw-mul\libsmallc.a(lib_a-int_errno.o)
 .text          0x000000000000050c       0x28 ../Lab2_bsp/\libhal_bsp.a(alt_dcache_flush.o)
                0x000000000000050c                alt_dcache_flush
 .text          0x0000000000000534       0xec ../Lab2_bsp/\libhal_bsp.a(alt_load.o)
                0x000000000000059c                alt_load
 .text          0x0000000000000620       0x6c ../Lab2_bsp/\libhal_bsp.a(alt_main.o)
                0x0000000000000620                alt_main
 .text          0x000000000000068c      0x13c ../Lab2_bsp/\libhal_bsp.a(alt_write.o)
                0x00000000000006c8                write
 .text          0x00000000000007c8       0xcc ../Lab2_bsp/\libhal_bsp.a(alt_sys_init.o)
                0x00000000000007fc                alt_irq_init
                0x0000000000000834                alt_sys_init
 .text          0x0000000000000894      0x164 ../Lab2_bsp/\libhal_bsp.a(altera_avalon_jtag_uart_fd.o)
                0x0000000000000894                altera_avalon_jtag_uart_read_fd
                0x00000000000008f4                altera_avalon_jtag_uart_write_fd
                0x0000000000000954                altera_avalon_jtag_uart_close_fd
                0x00000000000009a4                altera_avalon_jtag_uart_ioctl_fd
 .text          0x00000000000009f8      0x3d4 ../Lab2_bsp/\libhal_bsp.a(altera_avalon_jtag_uart_init.o)
                0x00000000000009f8                altera_avalon_jtag_uart_init
                0x0000000000000d64                altera_avalon_jtag_uart_close
 .text          0x0000000000000dcc       0xf0 ../Lab2_bsp/\libhal_bsp.a(altera_avalon_jtag_uart_ioctl.o)
                0x0000000000000dcc                altera_avalon_jtag_uart_ioctl
 .text          0x0000000000000ebc      0x21c ../Lab2_bsp/\libhal_bsp.a(altera_avalon_jtag_uart_read.o)
                0x0000000000000ebc                altera_avalon_jtag_uart_read
 .text          0x00000000000010d8      0x224 ../Lab2_bsp/\libhal_bsp.a(altera_avalon_jtag_uart_write.o)
                0x00000000000010d8                altera_avalon_jtag_uart_write
 .text          0x00000000000012fc       0xf4 ../Lab2_bsp/\libhal_bsp.a(altera_avalon_timer_sc.o)
                0x0000000000001374                alt_avalon_timer_sc_init
 .text          0x00000000000013f0      0x12c ../Lab2_bsp/\libhal_bsp.a(alt_alarm_start.o)
                0x00000000000013f0                alt_alarm_start
 .text          0x000000000000151c      0x114 ../Lab2_bsp/\libhal_bsp.a(alt_close.o)
                0x0000000000001558                close
 .text          0x0000000000001630       0x20 ../Lab2_bsp/\libhal_bsp.a(alt_dcache_flush_all.o)
                0x0000000000001630                alt_dcache_flush_all
 .text          0x0000000000001650       0x2c ../Lab2_bsp/\libhal_bsp.a(alt_dev.o)
 .text          0x000000000000167c       0xe0 ../Lab2_bsp/\libhal_bsp.a(alt_dev_llist_insert.o)
                0x00000000000016b8                alt_dev_llist_insert
 .text          0x000000000000175c        0x0 ../Lab2_bsp/\libhal_bsp.a(alt_errno.o)
 .text          0x000000000000175c       0x20 ../Lab2_bsp/\libhal_bsp.a(alt_icache_flush_all.o)
                0x000000000000175c                alt_icache_flush_all
 .text          0x000000000000177c      0x1b0 ../Lab2_bsp/\libhal_bsp.a(alt_iic.o)
                0x000000000000177c                alt_ic_isr_register
                0x00000000000017cc                alt_ic_irq_enable
                0x0000000000001854                alt_ic_irq_disable
                0x00000000000018e0                alt_ic_irq_enabled
 .text          0x000000000000192c       0xf0 ../Lab2_bsp/\libhal_bsp.a(alt_iic_isr_register.o)
                0x000000000000192c                alt_iic_isr_register
 .text          0x0000000000001a1c      0x160 ../Lab2_bsp/\libhal_bsp.a(alt_io_redirect.o)
                0x0000000000001b00                alt_io_redirect
 .text          0x0000000000001b7c        0x0 ../Lab2_bsp/\libhal_bsp.a(alt_irq_entry.o)
 .text          0x0000000000001b7c        0x0 ../Lab2_bsp/\libhal_bsp.a(alt_irq_handler.o)
 .text          0x0000000000001b7c        0x0 ../Lab2_bsp/\libhal_bsp.a(alt_irq_vars.o)
 .text          0x0000000000001b7c      0x284 ../Lab2_bsp/\libhal_bsp.a(alt_open.o)
                0x0000000000001ca4                open
 .text          0x0000000000001e00       0x84 ../Lab2_bsp/\libhal_bsp.a(alt_release_fd.o)
                0x0000000000001e00                alt_release_fd
 .text          0x0000000000001e84      0x1a4 ../Lab2_bsp/\libhal_bsp.a(alt_tick.o)
                0x0000000000001e84                alt_alarm_stop
                0x0000000000001f20                alt_tick
 .text          0x0000000000002028       0x24 ../Lab2_bsp/\libhal_bsp.a(altera_nios2_gen2_irq.o)
                0x0000000000002028                altera_nios2_gen2_irq_init
 .text          0x000000000000204c        0x0 ../Lab2_bsp/\libhal_bsp.a(alt_exception_entry.o)
 .text          0x000000000000204c       0x90 ../Lab2_bsp/\libhal_bsp.a(alt_find_dev.o)
                0x000000000000204c                alt_find_dev
 .text          0x00000000000020dc      0x108 ../Lab2_bsp/\libhal_bsp.a(alt_find_file.o)
                0x00000000000020dc                alt_find_file
 .text          0x00000000000021e4       0xc4 ../Lab2_bsp/\libhal_bsp.a(alt_get_fd.o)
                0x00000000000021e4                alt_get_fd
 .text          0x00000000000022a8       0x9c ../Lab2_bsp/\libhal_bsp.a(alt_instruction_exception_entry.o)
                0x00000000000022a8                alt_exception_cause_generated_bad_addr
 .text          0x0000000000002344        0x0 k:/intelfpga_lite/18.1/nios2eds/bin/gnu/h-x86_64-mingw32/bin/../lib/gcc/nios2-elf/5.3.0/../../../../../H-x86_64-mingw32/nios2-elf/lib/mno-hw-mul\libsmallc.a(lib_a-exit.o)
 .text.exit     0x0000000000002344       0x20 k:/intelfpga_lite/18.1/nios2eds/bin/gnu/h-x86_64-mingw32/bin/../lib/gcc/nios2-elf/5.3.0/../../../../../H-x86_64-mingw32/nios2-elf/lib/mno-hw-mul\libsmallc.a(lib_a-exit.o)
                0x0000000000002344                exit
 .text          0x0000000000002364        0x0 k:/intelfpga_lite/18.1/nios2eds/bin/gnu/h-x86_64-mingw32/bin/../lib/gcc/nios2-elf/5.3.0/../../../../../H-x86_64-mingw32/nios2-elf/lib/mno-hw-mul\libsmallc.a(lib_a-memcmp.o)
 .text.memcmp   0x0000000000002364       0x30 k:/intelfpga_lite/18.1/nios2eds/bin/gnu/h-x86_64-mingw32/bin/../lib/gcc/nios2-elf/5.3.0/../../../../../H-x86_64-mingw32/nios2-elf/lib/mno-hw-mul\libsmallc.a(lib_a-memcmp.o)
                0x0000000000002364                memcmp
 .text          0x0000000000002394        0x0 k:/intelfpga_lite/18.1/nios2eds/bin/gnu/h-x86_64-mingw32/bin/../lib/gcc/nios2-elf/5.3.0/../../../../../H-x86_64-mingw32/nios2-elf/lib/mno-hw-mul\libsmallc.a(lib_a-memcpy.o)
 .text.memcpy   0x0000000000002394       0x28 k:/intelfpga_lite/18.1/nios2eds/bin/gnu/h-x86_64-mingw32/bin/../lib/gcc/nios2-elf/5.3.0/../../../../../H-x86_64-mingw32/nios2-elf/lib/mno-hw-mul\libsmallc.a(lib_a-memcpy.o)
                0x0000000000002394                memcpy
 .text          0x00000000000023bc        0x0 k:/intelfpga_lite/18.1/nios2eds/bin/gnu/h-x86_64-mingw32/bin/../lib/gcc/nios2-elf/5.3.0/../../../../../H-x86_64-mingw32/nios2-elf/lib/mno-hw-mul\libsmallc.a(lib_a-__call_atexit.o)
 .text.__call_exitprocs
                0x00000000000023bc      0x190 k:/intelfpga_lite/18.1/nios2eds/bin/gnu/h-x86_64-mingw32/bin/../lib/gcc/nios2-elf/5.3.0/../../../../../H-x86_64-mingw32/nios2-elf/lib/mno-hw-mul\libsmallc.a(lib_a-__call_atexit.o)
                0x00000000000023bc                __call_exitprocs
 .text          0x000000000000254c       0x28 k:/intelfpga_lite/18.1/nios2eds/bin/gnu/h-x86_64-mingw32/bin/../lib/gcc/nios2-elf/5.3.0/mno-hw-mul\libgcc.a(lib2-mul.o)
                0x000000000000254c                __mulsi3
 .text          0x0000000000002574       0x34 ../Lab2_bsp/\libhal_bsp.a(alt_exit.o)
                0x0000000000002574                _exit
 *(.gnu.warning.*)
 *(.fini)
                [!provide]                        PROVIDE (__etext, ABSOLUTE (.))
                [!provide]                        PROVIDE (_etext, ABSOLUTE (.))
                [!provide]                        PROVIDE (etext, ABSOLUTE (.))
 *(.eh_frame_hdr)
                0x00000000000025a8                . = ALIGN (0x4)
                [!provide]                        PROVIDE (__preinit_array_start, ABSOLUTE (.))
 *(.preinit_array)
                [!provide]                        PROVIDE (__preinit_array_end, ABSOLUTE (.))
                [!provide]                        PROVIDE (__init_array_start, ABSOLUTE (.))
 *(.init_array)
                [!provide]                        PROVIDE (__init_array_end, ABSOLUTE (.))
                [!provide]                        PROVIDE (__fini_array_start, ABSOLUTE (.))
 *(.fini_array)
                [!provide]                        PROVIDE (__fini_array_end, ABSOLUTE (.))
 *(.eh_frame)
 *(.gcc_except_table .gcc_except_table.*)
 *(.dynamic)
                [!provide]                        PROVIDE (__CTOR_LIST__, ABSOLUTE (.))
 *(.ctors)
 *(SORT(.ctors.*))
                [!provide]                        PROVIDE (__CTOR_END__, ABSOLUTE (.))
                [!provide]                        PROVIDE (__DTOR_LIST__, ABSOLUTE (.))
 *(.dtors)
 *(SORT(.dtors.*))
                [!provide]                        PROVIDE (__DTOR_END__, ABSOLUTE (.))
 *(.jcr)
                0x00000000000025a8                . = ALIGN (0x4)

.rodata         0x00000000000025a8       0x48
                0x00000000000025a8                PROVIDE (__ram_rodata_start, ABSOLUTE (.))
                0x00000000000025a8                . = ALIGN (0x4)
 *(.rodata .rodata.* .gnu.linkonce.r.*)
 .rodata        0x00000000000025a8       0x16 obj/default/sem.o
                0x00000000000025a8                divisors
 *fill*         0x00000000000025be        0x2 
 .rodata.str1.4
                0x00000000000025c0        0x4 k:/intelfpga_lite/18.1/nios2eds/bin/gnu/h-x86_64-mingw32/bin/../lib/gcc/nios2-elf/5.3.0/../../../../../H-x86_64-mingw32/nios2-elf/lib/mno-hw-mul\libsmallc.a(lib_a-puts.o)
                                          0x2 (size before relaxing)
 .rodata        0x00000000000025c4        0xf ../Lab2_bsp/\libhal_bsp.a(alt_main.o)
 *fill*         0x00000000000025d3        0x1 
 .rodata        0x00000000000025d4        0xf ../Lab2_bsp/\libhal_bsp.a(alt_sys_init.o)
 *fill*         0x00000000000025e3        0x1 
 .rodata        0x00000000000025e4        0xa ../Lab2_bsp/\libhal_bsp.a(alt_dev.o)
 *(.rodata1)
                0x00000000000025f0                . = ALIGN (0x4)
 *fill*         0x00000000000025ee        0x2 
                0x00000000000025f0                PROVIDE (__ram_rodata_end, ABSOLUTE (.))
                0x00000000000025a8                PROVIDE (__flash_rodata_start, LOADADDR (.rodata))

.rwdata         0x00000000000025f0     0x1314 load address 0x0000000000003904
                0x00000000000025f0                PROVIDE (__ram_rwdata_start, ABSOLUTE (.))
                0x00000000000025f0                . = ALIGN (0x4)
 *(.got.plt)
 *(.got)
 *(.data1)
 *(.data .data.* .gnu.linkonce.d.*)
 .data          0x00000000000025f0        0x0 ../Lab2_bsp//obj/HAL/src/crt0.o
 .data          0x00000000000025f0        0x0 obj/default/sem.o
 .data          0x00000000000025f0        0x0 k:/intelfpga_lite/18.1/nios2eds/bin/gnu/h-x86_64-mingw32/bin/../lib/gcc/nios2-elf/5.3.0/../../../../../H-x86_64-mingw32/nios2-elf/lib/mno-hw-mul\libsmallc.a(lib_a-puts.o)
 .data          0x00000000000025f0        0x0 k:/intelfpga_lite/18.1/nios2eds/bin/gnu/h-x86_64-mingw32/bin/../lib/gcc/nios2-elf/5.3.0/../../../../../H-x86_64-mingw32/nios2-elf/lib/mno-hw-mul\libsmallc.a(lib_a-strlen.o)
 .data          0x00000000000025f0        0x0 k:/intelfpga_lite/18.1/nios2eds/bin/gnu/h-x86_64-mingw32/bin/../lib/gcc/nios2-elf/5.3.0/../../../../../H-x86_64-mingw32/nios2-elf/lib/mno-hw-mul\libsmallc.a(lib_a-fvwrite_small_dev.o)
 .data          0x00000000000025f0        0x0 k:/intelfpga_lite/18.1/nios2eds/bin/gnu/h-x86_64-mingw32/bin/../lib/gcc/nios2-elf/5.3.0/../../../../../H-x86_64-mingw32/nios2-elf/lib/mno-hw-mul\libsmallc.a(lib_a-impure.o)
 .data.impure_data
                0x00000000000025f0       0xe0 k:/intelfpga_lite/18.1/nios2eds/bin/gnu/h-x86_64-mingw32/bin/../lib/gcc/nios2-elf/5.3.0/../../../../../H-x86_64-mingw32/nios2-elf/lib/mno-hw-mul\libsmallc.a(lib_a-impure.o)
 .data          0x00000000000026d0        0x0 k:/intelfpga_lite/18.1/nios2eds/bin/gnu/h-x86_64-mingw32/bin/../lib/gcc/nios2-elf/5.3.0/../../../../../H-x86_64-mingw32/nios2-elf/lib/mno-hw-mul\libsmallc.a(lib_a-writer.o)
 .data          0x00000000000026d0        0x0 k:/intelfpga_lite/18.1/nios2eds/bin/gnu/h-x86_64-mingw32/bin/../lib/gcc/nios2-elf/5.3.0/../../../../../H-x86_64-mingw32/nios2-elf/lib/mno-hw-mul\libsmallc.a(lib_a-int_errno.o)
 .data          0x00000000000026d0        0x0 ../Lab2_bsp/\libhal_bsp.a(alt_dcache_flush.o)
 .data          0x00000000000026d0        0x0 ../Lab2_bsp/\libhal_bsp.a(alt_load.o)
 .data          0x00000000000026d0        0x0 ../Lab2_bsp/\libhal_bsp.a(alt_main.o)
 .data          0x00000000000026d0        0x0 ../Lab2_bsp/\libhal_bsp.a(alt_write.o)
 .data          0x00000000000026d0     0x1060 ../Lab2_bsp/\libhal_bsp.a(alt_sys_init.o)
 .data          0x0000000000003730        0x0 ../Lab2_bsp/\libhal_bsp.a(altera_avalon_jtag_uart_fd.o)
 .data          0x0000000000003730        0x0 ../Lab2_bsp/\libhal_bsp.a(altera_avalon_jtag_uart_init.o)
 .data          0x0000000000003730        0x0 ../Lab2_bsp/\libhal_bsp.a(altera_avalon_jtag_uart_ioctl.o)
 .data          0x0000000000003730        0x0 ../Lab2_bsp/\libhal_bsp.a(altera_avalon_jtag_uart_read.o)
 .data          0x0000000000003730        0x0 ../Lab2_bsp/\libhal_bsp.a(altera_avalon_jtag_uart_write.o)
 .data          0x0000000000003730        0x0 ../Lab2_bsp/\libhal_bsp.a(altera_avalon_timer_sc.o)
 .data          0x0000000000003730        0x0 ../Lab2_bsp/\libhal_bsp.a(alt_alarm_start.o)
 .data          0x0000000000003730        0x0 ../Lab2_bsp/\libhal_bsp.a(alt_close.o)
 .data          0x0000000000003730        0x0 ../Lab2_bsp/\libhal_bsp.a(alt_dcache_flush_all.o)
 .data          0x0000000000003730      0x1a8 ../Lab2_bsp/\libhal_bsp.a(alt_dev.o)
                0x0000000000003730                alt_dev_null
                0x0000000000003758                alt_fd_list
 .data          0x00000000000038d8        0x0 ../Lab2_bsp/\libhal_bsp.a(alt_dev_llist_insert.o)
 .data          0x00000000000038d8        0x0 ../Lab2_bsp/\libhal_bsp.a(alt_errno.o)
 .data          0x00000000000038d8        0x0 ../Lab2_bsp/\libhal_bsp.a(alt_icache_flush_all.o)
 .data          0x00000000000038d8        0x0 ../Lab2_bsp/\libhal_bsp.a(alt_iic.o)
 .data          0x00000000000038d8        0x0 ../Lab2_bsp/\libhal_bsp.a(alt_iic_isr_register.o)
 .data          0x00000000000038d8        0x0 ../Lab2_bsp/\libhal_bsp.a(alt_io_redirect.o)
 .data          0x00000000000038d8        0x0 ../Lab2_bsp/\libhal_bsp.a(alt_irq_entry.o)
 .data          0x00000000000038d8        0x0 ../Lab2_bsp/\libhal_bsp.a(alt_irq_handler.o)
 .data          0x00000000000038d8        0x0 ../Lab2_bsp/\libhal_bsp.a(alt_irq_vars.o)
 .data          0x00000000000038d8        0x0 ../Lab2_bsp/\libhal_bsp.a(alt_open.o)
 .data          0x00000000000038d8        0x0 ../Lab2_bsp/\libhal_bsp.a(alt_release_fd.o)
 .data          0x00000000000038d8        0x0 ../Lab2_bsp/\libhal_bsp.a(alt_tick.o)
 .data          0x00000000000038d8        0x0 ../Lab2_bsp/\libhal_bsp.a(altera_nios2_gen2_irq.o)
 .data          0x00000000000038d8        0x0 ../Lab2_bsp/\libhal_bsp.a(alt_exception_entry.o)
 .data          0x00000000000038d8        0x0 ../Lab2_bsp/\libhal_bsp.a(alt_find_dev.o)
 .data          0x00000000000038d8        0x0 ../Lab2_bsp/\libhal_bsp.a(alt_find_file.o)
 .data          0x00000000000038d8        0x0 ../Lab2_bsp/\libhal_bsp.a(alt_get_fd.o)
 .data          0x00000000000038d8        0x0 ../Lab2_bsp/\libhal_bsp.a(alt_instruction_exception_entry.o)
 .data          0x00000000000038d8        0x0 k:/intelfpga_lite/18.1/nios2eds/bin/gnu/h-x86_64-mingw32/bin/../lib/gcc/nios2-elf/5.3.0/../../../../../H-x86_64-mingw32/nios2-elf/lib/mno-hw-mul\libsmallc.a(lib_a-exit.o)
 .data          0x00000000000038d8        0x0 k:/intelfpga_lite/18.1/nios2eds/bin/gnu/h-x86_64-mingw32/bin/../lib/gcc/nios2-elf/5.3.0/../../../../../H-x86_64-mingw32/nios2-elf/lib/mno-hw-mul\libsmallc.a(lib_a-memcmp.o)
 .data          0x00000000000038d8        0x0 k:/intelfpga_lite/18.1/nios2eds/bin/gnu/h-x86_64-mingw32/bin/../lib/gcc/nios2-elf/5.3.0/../../../../../H-x86_64-mingw32/nios2-elf/lib/mno-hw-mul\libsmallc.a(lib_a-memcpy.o)
 .data          0x00000000000038d8        0x0 k:/intelfpga_lite/18.1/nios2eds/bin/gnu/h-x86_64-mingw32/bin/../lib/gcc/nios2-elf/5.3.0/../../../../../H-x86_64-mingw32/nios2-elf/lib/mno-hw-mul\libsmallc.a(lib_a-__call_atexit.o)
 .data          0x00000000000038d8        0x0 k:/intelfpga_lite/18.1/nios2eds/bin/gnu/h-x86_64-mingw32/bin/../lib/gcc/nios2-elf/5.3.0/mno-hw-mul\libgcc.a(lib2-mul.o)
 .data          0x00000000000038d8        0x0 ../Lab2_bsp/\libhal_bsp.a(alt_exit.o)
                0x000000000000b8d8                _gp = ABSOLUTE ((. + 0x8000))
                [!provide]                        PROVIDE (gp, _gp)
 *(.rwdata .rwdata.*)
 *(.sdata .sdata.* .gnu.linkonce.s.*)
 .sdata._global_impure_ptr
                0x00000000000038d8        0x4 k:/intelfpga_lite/18.1/nios2eds/bin/gnu/h-x86_64-mingw32/bin/../lib/gcc/nios2-elf/5.3.0/../../../../../H-x86_64-mingw32/nios2-elf/lib/mno-hw-mul\libsmallc.a(lib_a-impure.o)
                0x00000000000038d8                _global_impure_ptr
 .sdata._impure_ptr
                0x00000000000038dc        0x4 k:/intelfpga_lite/18.1/nios2eds/bin/gnu/h-x86_64-mingw32/bin/../lib/gcc/nios2-elf/5.3.0/../../../../../H-x86_64-mingw32/nios2-elf/lib/mno-hw-mul\libsmallc.a(lib_a-impure.o)
                0x00000000000038dc                _impure_ptr
 .sdata         0x00000000000038e0       0x14 ../Lab2_bsp/\libhal_bsp.a(alt_dev.o)
                0x00000000000038e0                alt_fs_list
                0x00000000000038e8                alt_dev_list
                0x00000000000038f0                alt_max_fd
 .sdata         0x00000000000038f4        0x4 ../Lab2_bsp/\libhal_bsp.a(alt_errno.o)
                0x00000000000038f4                alt_errno
 .sdata         0x00000000000038f8        0x4 ../Lab2_bsp/\libhal_bsp.a(alt_irq_vars.o)
                0x00000000000038f8                alt_priority_mask
 .sdata         0x00000000000038fc        0x8 ../Lab2_bsp/\libhal_bsp.a(alt_tick.o)
                0x00000000000038fc                alt_alarm_list
 *(.sdata2 .sdata2.* .gnu.linkonce.s2.*)
                0x0000000000003904                . = ALIGN (0x4)
                0x0000000000003904                _edata = ABSOLUTE (.)
                [!provide]                        PROVIDE (edata, ABSOLUTE (.))
                0x0000000000003904                PROVIDE (__ram_rwdata_end, ABSOLUTE (.))
                0x0000000000003904                PROVIDE (__flash_rwdata_start, LOADADDR (.rwdata))

.bss            0x0000000000004c18      0x120
                0x0000000000004c18                __bss_start = ABSOLUTE (.)
                [!provide]                        PROVIDE (__sbss_start, ABSOLUTE (.))
                [!provide]                        PROVIDE (___sbss_start, ABSOLUTE (.))
 *(.dynsbss)
 *(.sbss .sbss.* .gnu.linkonce.sb.*)
 .sbss          0x0000000000004c18        0x4 k:/intelfpga_lite/18.1/nios2eds/bin/gnu/h-x86_64-mingw32/bin/../lib/gcc/nios2-elf/5.3.0/../../../../../H-x86_64-mingw32/nios2-elf/lib/mno-hw-mul\libsmallc.a(lib_a-int_errno.o)
                0x0000000000004c18                errno
 .sbss          0x0000000000004c1c        0xc ../Lab2_bsp/\libhal_bsp.a(alt_main.o)
                0x0000000000004c1c                alt_argc
                0x0000000000004c20                alt_argv
                0x0000000000004c24                alt_envp
 .sbss          0x0000000000004c28        0x4 ../Lab2_bsp/\libhal_bsp.a(alt_irq_vars.o)
                0x0000000000004c28                alt_irq_active
 .sbss          0x0000000000004c2c        0x8 ../Lab2_bsp/\libhal_bsp.a(alt_tick.o)
                0x0000000000004c2c                _alt_tick_rate
                0x0000000000004c30                _alt_nticks
 .sbss          0x0000000000004c34        0x4 ../Lab2_bsp/\libhal_bsp.a(alt_instruction_exception_entry.o)
                0x0000000000004c34                alt_instruction_exception_handler
 *(.sbss2 .sbss2.* .gnu.linkonce.sb2.*)
 *(.scommon)
                [!provide]                        PROVIDE (__sbss_end, ABSOLUTE (.))
                [!provide]                        PROVIDE (___sbss_end, ABSOLUTE (.))
 *(.dynbss)
 *(.bss .bss.* .gnu.linkonce.b.*)
 .bss           0x0000000000004c38        0x0 ../Lab2_bsp//obj/HAL/src/crt0.o
 .bss           0x0000000000004c38        0x0 obj/default/sem.o
 .bss           0x0000000000004c38        0x0 k:/intelfpga_lite/18.1/nios2eds/bin/gnu/h-x86_64-mingw32/bin/../lib/gcc/nios2-elf/5.3.0/../../../../../H-x86_64-mingw32/nios2-elf/lib/mno-hw-mul\libsmallc.a(lib_a-puts.o)
 .bss           0x0000000000004c38        0x0 k:/intelfpga_lite/18.1/nios2eds/bin/gnu/h-x86_64-mingw32/bin/../lib/gcc/nios2-elf/5.3.0/../../../../../H-x86_64-mingw32/nios2-elf/lib/mno-hw-mul\libsmallc.a(lib_a-strlen.o)
 .bss           0x0000000000004c38        0x0 k:/intelfpga_lite/18.1/nios2eds/bin/gnu/h-x86_64-mingw32/bin/../lib/gcc/nios2-elf/5.3.0/../../../../../H-x86_64-mingw32/nios2-elf/lib/mno-hw-mul\libsmallc.a(lib_a-fvwrite_small_dev.o)
 .bss           0x0000000000004c38        0x0 k:/intelfpga_lite/18.1/nios2eds/bin/gnu/h-x86_64-mingw32/bin/../lib/gcc/nios2-elf/5.3.0/../../../../../H-x86_64-mingw32/nios2-elf/lib/mno-hw-mul\libsmallc.a(lib_a-impure.o)
 .bss           0x0000000000004c38        0x0 k:/intelfpga_lite/18.1/nios2eds/bin/gnu/h-x86_64-mingw32/bin/../lib/gcc/nios2-elf/5.3.0/../../../../../H-x86_64-mingw32/nios2-elf/lib/mno-hw-mul\libsmallc.a(lib_a-writer.o)
 .bss           0x0000000000004c38        0x0 k:/intelfpga_lite/18.1/nios2eds/bin/gnu/h-x86_64-mingw32/bin/../lib/gcc/nios2-elf/5.3.0/../../../../../H-x86_64-mingw32/nios2-elf/lib/mno-hw-mul\libsmallc.a(lib_a-int_errno.o)
 .bss           0x0000000000004c38        0x0 ../Lab2_bsp/\libhal_bsp.a(alt_dcache_flush.o)
 .bss           0x0000000000004c38        0x0 ../Lab2_bsp/\libhal_bsp.a(alt_load.o)
 .bss           0x0000000000004c38        0x0 ../Lab2_bsp/\libhal_bsp.a(alt_main.o)
 .bss           0x0000000000004c38        0x0 ../Lab2_bsp/\libhal_bsp.a(alt_write.o)
 .bss           0x0000000000004c38        0x0 ../Lab2_bsp/\libhal_bsp.a(alt_sys_init.o)
 .bss           0x0000000000004c38        0x0 ../Lab2_bsp/\libhal_bsp.a(altera_avalon_jtag_uart_fd.o)
 .bss           0x0000000000004c38        0x0 ../Lab2_bsp/\libhal_bsp.a(altera_avalon_jtag_uart_init.o)
 .bss           0x0000000000004c38        0x0 ../Lab2_bsp/\libhal_bsp.a(altera_avalon_jtag_uart_ioctl.o)
 .bss           0x0000000000004c38        0x0 ../Lab2_bsp/\libhal_bsp.a(altera_avalon_jtag_uart_read.o)
 .bss           0x0000000000004c38        0x0 ../Lab2_bsp/\libhal_bsp.a(altera_avalon_jtag_uart_write.o)
 .bss           0x0000000000004c38        0x0 ../Lab2_bsp/\libhal_bsp.a(altera_avalon_timer_sc.o)
 .bss           0x0000000000004c38        0x0 ../Lab2_bsp/\libhal_bsp.a(alt_alarm_start.o)
 .bss           0x0000000000004c38        0x0 ../Lab2_bsp/\libhal_bsp.a(alt_close.o)
 .bss           0x0000000000004c38        0x0 ../Lab2_bsp/\libhal_bsp.a(alt_dcache_flush_all.o)
 .bss           0x0000000000004c38        0x0 ../Lab2_bsp/\libhal_bsp.a(alt_dev.o)
 .bss           0x0000000000004c38        0x0 ../Lab2_bsp/\libhal_bsp.a(alt_dev_llist_insert.o)
 .bss           0x0000000000004c38        0x0 ../Lab2_bsp/\libhal_bsp.a(alt_errno.o)
 .bss           0x0000000000004c38        0x0 ../Lab2_bsp/\libhal_bsp.a(alt_icache_flush_all.o)
 .bss           0x0000000000004c38        0x0 ../Lab2_bsp/\libhal_bsp.a(alt_iic.o)
 .bss           0x0000000000004c38        0x0 ../Lab2_bsp/\libhal_bsp.a(alt_iic_isr_register.o)
 .bss           0x0000000000004c38        0x0 ../Lab2_bsp/\libhal_bsp.a(alt_io_redirect.o)
 .bss           0x0000000000004c38        0x0 ../Lab2_bsp/\libhal_bsp.a(alt_irq_entry.o)
 .bss           0x0000000000004c38        0x0 ../Lab2_bsp/\libhal_bsp.a(alt_irq_handler.o)
 .bss           0x0000000000004c38        0x0 ../Lab2_bsp/\libhal_bsp.a(alt_irq_vars.o)
 .bss           0x0000000000004c38        0x0 ../Lab2_bsp/\libhal_bsp.a(alt_open.o)
 .bss           0x0000000000004c38        0x0 ../Lab2_bsp/\libhal_bsp.a(alt_release_fd.o)
 .bss           0x0000000000004c38        0x0 ../Lab2_bsp/\libhal_bsp.a(alt_tick.o)
 .bss           0x0000000000004c38        0x0 ../Lab2_bsp/\libhal_bsp.a(altera_nios2_gen2_irq.o)
 .bss           0x0000000000004c38        0x0 ../Lab2_bsp/\libhal_bsp.a(alt_exception_entry.o)
 .bss           0x0000000000004c38        0x0 ../Lab2_bsp/\libhal_bsp.a(alt_find_dev.o)
 .bss           0x0000000000004c38        0x0 ../Lab2_bsp/\libhal_bsp.a(alt_find_file.o)
 .bss           0x0000000000004c38        0x0 ../Lab2_bsp/\libhal_bsp.a(alt_get_fd.o)
 .bss           0x0000000000004c38        0x0 ../Lab2_bsp/\libhal_bsp.a(alt_instruction_exception_entry.o)
 .bss           0x0000000000004c38        0x0 k:/intelfpga_lite/18.1/nios2eds/bin/gnu/h-x86_64-mingw32/bin/../lib/gcc/nios2-elf/5.3.0/../../../../../H-x86_64-mingw32/nios2-elf/lib/mno-hw-mul\libsmallc.a(lib_a-exit.o)
 .bss           0x0000000000004c38        0x0 k:/intelfpga_lite/18.1/nios2eds/bin/gnu/h-x86_64-mingw32/bin/../lib/gcc/nios2-elf/5.3.0/../../../../../H-x86_64-mingw32/nios2-elf/lib/mno-hw-mul\libsmallc.a(lib_a-memcmp.o)
 .bss           0x0000000000004c38        0x0 k:/intelfpga_lite/18.1/nios2eds/bin/gnu/h-x86_64-mingw32/bin/../lib/gcc/nios2-elf/5.3.0/../../../../../H-x86_64-mingw32/nios2-elf/lib/mno-hw-mul\libsmallc.a(lib_a-memcpy.o)
 .bss           0x0000000000004c38        0x0 k:/intelfpga_lite/18.1/nios2eds/bin/gnu/h-x86_64-mingw32/bin/../lib/gcc/nios2-elf/5.3.0/../../../../../H-x86_64-mingw32/nios2-elf/lib/mno-hw-mul\libsmallc.a(lib_a-__call_atexit.o)
 .bss           0x0000000000004c38        0x0 k:/intelfpga_lite/18.1/nios2eds/bin/gnu/h-x86_64-mingw32/bin/../lib/gcc/nios2-elf/5.3.0/mno-hw-mul\libgcc.a(lib2-mul.o)
 .bss           0x0000000000004c38        0x0 ../Lab2_bsp/\libhal_bsp.a(alt_exit.o)
 *(COMMON)
 COMMON         0x0000000000004c38      0x100 ../Lab2_bsp/\libhal_bsp.a(alt_irq_handler.o)
                0x0000000000004c38                alt_irq
                0x0000000000004d38                . = ALIGN (0x4)
                0x0000000000004d38                __bss_end = ABSOLUTE (.)

.mem            0x0000000000004d38        0x0
                [!provide]                        PROVIDE (_alt_partition_mem_start, ABSOLUTE (.))
 *(.mem .mem. mem.*)
                0x0000000000004d38                . = ALIGN (0x4)
                [!provide]                        PROVIDE (_alt_partition_mem_end, ABSOLUTE (.))
                0x0000000000004d38                _end = ABSOLUTE (.)
                0x0000000000004d38                end = ABSOLUTE (.)
                0x0000000000004d38                __alt_stack_base = ABSOLUTE (.)
                [!provide]                        PROVIDE (_alt_partition_mem_load_addr, LOADADDR (.mem))

.stab
 *(.stab)

.stabstr
 *(.stabstr)

.stab.excl
 *(.stab.excl)

.stab.exclstr
 *(.stab.exclstr)

.stab.index
 *(.stab.index)

.stab.indexstr
 *(.stab.indexstr)

.comment        0x0000000000000000       0x23
 *(.comment)
 .comment       0x0000000000000000       0x23 obj/default/sem.o
                                         0x24 (size before relaxing)
 .comment       0x0000000000000023       0x24 k:/intelfpga_lite/18.1/nios2eds/bin/gnu/h-x86_64-mingw32/bin/../lib/gcc/nios2-elf/5.3.0/../../../../../H-x86_64-mingw32/nios2-elf/lib/mno-hw-mul\libsmallc.a(lib_a-puts.o)
 .comment       0x0000000000000023       0x24 k:/intelfpga_lite/18.1/nios2eds/bin/gnu/h-x86_64-mingw32/bin/../lib/gcc/nios2-elf/5.3.0/../../../../../H-x86_64-mingw32/nios2-elf/lib/mno-hw-mul\libsmallc.a(lib_a-strlen.o)
 .comment       0x0000000000000023       0x24 k:/intelfpga_lite/18.1/nios2eds/bin/gnu/h-x86_64-mingw32/bin/../lib/gcc/nios2-elf/5.3.0/../../../../../H-x86_64-mingw32/nios2-elf/lib/mno-hw-mul\libsmallc.a(lib_a-fvwrite_small_dev.o)
 .comment       0x0000000000000023       0x24 k:/intelfpga_lite/18.1/nios2eds/bin/gnu/h-x86_64-mingw32/bin/../lib/gcc/nios2-elf/5.3.0/../../../../../H-x86_64-mingw32/nios2-elf/lib/mno-hw-mul\libsmallc.a(lib_a-impure.o)
 .comment       0x0000000000000023       0x24 k:/intelfpga_lite/18.1/nios2eds/bin/gnu/h-x86_64-mingw32/bin/../lib/gcc/nios2-elf/5.3.0/../../../../../H-x86_64-mingw32/nios2-elf/lib/mno-hw-mul\libsmallc.a(lib_a-writer.o)
 .comment       0x0000000000000023       0x24 k:/intelfpga_lite/18.1/nios2eds/bin/gnu/h-x86_64-mingw32/bin/../lib/gcc/nios2-elf/5.3.0/../../../../../H-x86_64-mingw32/nios2-elf/lib/mno-hw-mul\libsmallc.a(lib_a-int_errno.o)
 .comment       0x0000000000000023       0x24 ../Lab2_bsp/\libhal_bsp.a(alt_dcache_flush.o)
 .comment       0x0000000000000023       0x24 ../Lab2_bsp/\libhal_bsp.a(alt_load.o)
 .comment       0x0000000000000023       0x24 ../Lab2_bsp/\libhal_bsp.a(alt_main.o)
 .comment       0x0000000000000023       0x24 ../Lab2_bsp/\libhal_bsp.a(alt_write.o)
 .comment       0x0000000000000023       0x24 ../Lab2_bsp/\libhal_bsp.a(alt_sys_init.o)
 .comment       0x0000000000000023       0x24 ../Lab2_bsp/\libhal_bsp.a(altera_avalon_jtag_uart_fd.o)
 .comment       0x0000000000000023       0x24 ../Lab2_bsp/\libhal_bsp.a(altera_avalon_jtag_uart_init.o)
 .comment       0x0000000000000023       0x24 ../Lab2_bsp/\libhal_bsp.a(altera_avalon_jtag_uart_ioctl.o)
 .comment       0x0000000000000023       0x24 ../Lab2_bsp/\libhal_bsp.a(altera_avalon_jtag_uart_read.o)
 .comment       0x0000000000000023       0x24 ../Lab2_bsp/\libhal_bsp.a(altera_avalon_jtag_uart_write.o)
 .comment       0x0000000000000023       0x24 ../Lab2_bsp/\libhal_bsp.a(altera_avalon_timer_sc.o)
 .comment       0x0000000000000023       0x24 ../Lab2_bsp/\libhal_bsp.a(alt_alarm_start.o)
 .comment       0x0000000000000023       0x24 ../Lab2_bsp/\libhal_bsp.a(alt_close.o)
 .comment       0x0000000000000023       0x24 ../Lab2_bsp/\libhal_bsp.a(alt_dcache_flush_all.o)
 .comment       0x0000000000000023       0x24 ../Lab2_bsp/\libhal_bsp.a(alt_dev.o)
 .comment       0x0000000000000023       0x24 ../Lab2_bsp/\libhal_bsp.a(alt_dev_llist_insert.o)
 .comment       0x0000000000000023       0x24 ../Lab2_bsp/\libhal_bsp.a(alt_errno.o)
 .comment       0x0000000000000023       0x24 ../Lab2_bsp/\libhal_bsp.a(alt_icache_flush_all.o)
 .comment       0x0000000000000023       0x24 ../Lab2_bsp/\libhal_bsp.a(alt_iic.o)
 .comment       0x0000000000000023       0x24 ../Lab2_bsp/\libhal_bsp.a(alt_iic_isr_register.o)
 .comment       0x0000000000000023       0x24 ../Lab2_bsp/\libhal_bsp.a(alt_io_redirect.o)
 .comment       0x0000000000000023       0x24 ../Lab2_bsp/\libhal_bsp.a(alt_irq_handler.o)
 .comment       0x0000000000000023       0x24 ../Lab2_bsp/\libhal_bsp.a(alt_irq_vars.o)
 .comment       0x0000000000000023       0x24 ../Lab2_bsp/\libhal_bsp.a(alt_open.o)
 .comment       0x0000000000000023       0x24 ../Lab2_bsp/\libhal_bsp.a(alt_release_fd.o)
 .comment       0x0000000000000023       0x24 ../Lab2_bsp/\libhal_bsp.a(alt_tick.o)
 .comment       0x0000000000000023       0x24 ../Lab2_bsp/\libhal_bsp.a(altera_nios2_gen2_irq.o)
 .comment       0x0000000000000023       0x24 ../Lab2_bsp/\libhal_bsp.a(alt_find_dev.o)
 .comment       0x0000000000000023       0x24 ../Lab2_bsp/\libhal_bsp.a(alt_find_file.o)
 .comment       0x0000000000000023       0x24 ../Lab2_bsp/\libhal_bsp.a(alt_get_fd.o)
 .comment       0x0000000000000023       0x24 ../Lab2_bsp/\libhal_bsp.a(alt_instruction_exception_entry.o)
 .comment       0x0000000000000023       0x24 k:/intelfpga_lite/18.1/nios2eds/bin/gnu/h-x86_64-mingw32/bin/../lib/gcc/nios2-elf/5.3.0/../../../../../H-x86_64-mingw32/nios2-elf/lib/mno-hw-mul\libsmallc.a(lib_a-exit.o)
 .comment       0x0000000000000023       0x24 k:/intelfpga_lite/18.1/nios2eds/bin/gnu/h-x86_64-mingw32/bin/../lib/gcc/nios2-elf/5.3.0/../../../../../H-x86_64-mingw32/nios2-elf/lib/mno-hw-mul\libsmallc.a(lib_a-memcmp.o)
 .comment       0x0000000000000023       0x24 k:/intelfpga_lite/18.1/nios2eds/bin/gnu/h-x86_64-mingw32/bin/../lib/gcc/nios2-elf/5.3.0/../../../../../H-x86_64-mingw32/nios2-elf/lib/mno-hw-mul\libsmallc.a(lib_a-memcpy.o)
 .comment       0x0000000000000023       0x24 k:/intelfpga_lite/18.1/nios2eds/bin/gnu/h-x86_64-mingw32/bin/../lib/gcc/nios2-elf/5.3.0/../../../../../H-x86_64-mingw32/nios2-elf/lib/mno-hw-mul\libsmallc.a(lib_a-__call_atexit.o)
 .comment       0x0000000000000023       0x24 k:/intelfpga_lite/18.1/nios2eds/bin/gnu/h-x86_64-mingw32/bin/../lib/gcc/nios2-elf/5.3.0/mno-hw-mul\libgcc.a(lib2-mul.o)
 .comment       0x0000000000000023       0x24 ../Lab2_bsp/\libhal_bsp.a(alt_exit.o)

.debug
 *(.debug)

.line
 *(.line)

.debug_srcinfo
 *(.debug_srcinfo)

.debug_sfnames
 *(.debug_sfnames)

.debug_aranges  0x0000000000000000      0x600
 *(.debug_aranges)
 .debug_aranges
                0x0000000000000000       0x28 ../Lab2_bsp//obj/HAL/src/crt0.o
 .debug_aranges
                0x0000000000000028       0x20 obj/default/sem.o
 .debug_aranges
                0x0000000000000048       0x28 k:/intelfpga_lite/18.1/nios2eds/bin/gnu/h-x86_64-mingw32/bin/../lib/gcc/nios2-elf/5.3.0/../../../../../H-x86_64-mingw32/nios2-elf/lib/mno-hw-mul\libsmallc.a(lib_a-puts.o)
 .debug_aranges
                0x0000000000000070       0x20 k:/intelfpga_lite/18.1/nios2eds/bin/gnu/h-x86_64-mingw32/bin/../lib/gcc/nios2-elf/5.3.0/../../../../../H-x86_64-mingw32/nios2-elf/lib/mno-hw-mul\libsmallc.a(lib_a-strlen.o)
 .debug_aranges
                0x0000000000000090       0x20 k:/intelfpga_lite/18.1/nios2eds/bin/gnu/h-x86_64-mingw32/bin/../lib/gcc/nios2-elf/5.3.0/../../../../../H-x86_64-mingw32/nios2-elf/lib/mno-hw-mul\libsmallc.a(lib_a-fvwrite_small_dev.o)
 .debug_aranges
                0x00000000000000b0       0x18 k:/intelfpga_lite/18.1/nios2eds/bin/gnu/h-x86_64-mingw32/bin/../lib/gcc/nios2-elf/5.3.0/../../../../../H-x86_64-mingw32/nios2-elf/lib/mno-hw-mul\libsmallc.a(lib_a-impure.o)
 .debug_aranges
                0x00000000000000c8       0x20 k:/intelfpga_lite/18.1/nios2eds/bin/gnu/h-x86_64-mingw32/bin/../lib/gcc/nios2-elf/5.3.0/../../../../../H-x86_64-mingw32/nios2-elf/lib/mno-hw-mul\libsmallc.a(lib_a-writer.o)
 .debug_aranges
                0x00000000000000e8       0x18 k:/intelfpga_lite/18.1/nios2eds/bin/gnu/h-x86_64-mingw32/bin/../lib/gcc/nios2-elf/5.3.0/../../../../../H-x86_64-mingw32/nios2-elf/lib/mno-hw-mul\libsmallc.a(lib_a-int_errno.o)
 .debug_aranges
                0x0000000000000100       0x20 ../Lab2_bsp/\libhal_bsp.a(alt_dcache_flush.o)
 .debug_aranges
                0x0000000000000120       0x20 ../Lab2_bsp/\libhal_bsp.a(alt_load.o)
 .debug_aranges
                0x0000000000000140       0x20 ../Lab2_bsp/\libhal_bsp.a(alt_main.o)
 .debug_aranges
                0x0000000000000160       0x20 ../Lab2_bsp/\libhal_bsp.a(alt_write.o)
 .debug_aranges
                0x0000000000000180       0x20 ../Lab2_bsp/\libhal_bsp.a(alt_sys_init.o)
 .debug_aranges
                0x00000000000001a0       0x20 ../Lab2_bsp/\libhal_bsp.a(altera_avalon_jtag_uart_fd.o)
 .debug_aranges
                0x00000000000001c0       0x20 ../Lab2_bsp/\libhal_bsp.a(altera_avalon_jtag_uart_init.o)
 .debug_aranges
                0x00000000000001e0       0x20 ../Lab2_bsp/\libhal_bsp.a(altera_avalon_jtag_uart_ioctl.o)
 .debug_aranges
                0x0000000000000200       0x20 ../Lab2_bsp/\libhal_bsp.a(altera_avalon_jtag_uart_read.o)
 .debug_aranges
                0x0000000000000220       0x20 ../Lab2_bsp/\libhal_bsp.a(altera_avalon_jtag_uart_write.o)
 .debug_aranges
                0x0000000000000240       0x20 ../Lab2_bsp/\libhal_bsp.a(altera_avalon_timer_sc.o)
 .debug_aranges
                0x0000000000000260       0x20 ../Lab2_bsp/\libhal_bsp.a(alt_alarm_start.o)
 .debug_aranges
                0x0000000000000280       0x20 ../Lab2_bsp/\libhal_bsp.a(alt_close.o)
 .debug_aranges
                0x00000000000002a0       0x20 ../Lab2_bsp/\libhal_bsp.a(alt_dcache_flush_all.o)
 .debug_aranges
                0x00000000000002c0       0x20 ../Lab2_bsp/\libhal_bsp.a(alt_dev.o)
 .debug_aranges
                0x00000000000002e0       0x20 ../Lab2_bsp/\libhal_bsp.a(alt_dev_llist_insert.o)
 .debug_aranges
                0x0000000000000300       0x18 ../Lab2_bsp/\libhal_bsp.a(alt_errno.o)
 .debug_aranges
                0x0000000000000318       0x20 ../Lab2_bsp/\libhal_bsp.a(alt_icache_flush_all.o)
 .debug_aranges
                0x0000000000000338       0x20 ../Lab2_bsp/\libhal_bsp.a(alt_iic.o)
 .debug_aranges
                0x0000000000000358       0x20 ../Lab2_bsp/\libhal_bsp.a(alt_iic_isr_register.o)
 .debug_aranges
                0x0000000000000378       0x20 ../Lab2_bsp/\libhal_bsp.a(alt_io_redirect.o)
 .debug_aranges
                0x0000000000000398       0x30 ../Lab2_bsp/\libhal_bsp.a(alt_irq_entry.o)
 .debug_aranges
                0x00000000000003c8       0x20 ../Lab2_bsp/\libhal_bsp.a(alt_irq_handler.o)
 .debug_aranges
                0x00000000000003e8       0x18 ../Lab2_bsp/\libhal_bsp.a(alt_irq_vars.o)
 .debug_aranges
                0x0000000000000400       0x20 ../Lab2_bsp/\libhal_bsp.a(alt_open.o)
 .debug_aranges
                0x0000000000000420       0x20 ../Lab2_bsp/\libhal_bsp.a(alt_release_fd.o)
 .debug_aranges
                0x0000000000000440       0x20 ../Lab2_bsp/\libhal_bsp.a(alt_tick.o)
 .debug_aranges
                0x0000000000000460       0x20 ../Lab2_bsp/\libhal_bsp.a(altera_nios2_gen2_irq.o)
 .debug_aranges
                0x0000000000000480       0x38 ../Lab2_bsp/\libhal_bsp.a(alt_exception_entry.o)
 .debug_aranges
                0x00000000000004b8       0x20 ../Lab2_bsp/\libhal_bsp.a(alt_find_dev.o)
 .debug_aranges
                0x00000000000004d8       0x20 ../Lab2_bsp/\libhal_bsp.a(alt_find_file.o)
 .debug_aranges
                0x00000000000004f8       0x20 ../Lab2_bsp/\libhal_bsp.a(alt_get_fd.o)
 .debug_aranges
                0x0000000000000518       0x28 ../Lab2_bsp/\libhal_bsp.a(alt_instruction_exception_entry.o)
 .debug_aranges
                0x0000000000000540       0x20 k:/intelfpga_lite/18.1/nios2eds/bin/gnu/h-x86_64-mingw32/bin/../lib/gcc/nios2-elf/5.3.0/../../../../../H-x86_64-mingw32/nios2-elf/lib/mno-hw-mul\libsmallc.a(lib_a-exit.o)
 .debug_aranges
                0x0000000000000560       0x20 k:/intelfpga_lite/18.1/nios2eds/bin/gnu/h-x86_64-mingw32/bin/../lib/gcc/nios2-elf/5.3.0/../../../../../H-x86_64-mingw32/nios2-elf/lib/mno-hw-mul\libsmallc.a(lib_a-memcmp.o)
 .debug_aranges
                0x0000000000000580       0x20 k:/intelfpga_lite/18.1/nios2eds/bin/gnu/h-x86_64-mingw32/bin/../lib/gcc/nios2-elf/5.3.0/../../../../../H-x86_64-mingw32/nios2-elf/lib/mno-hw-mul\libsmallc.a(lib_a-memcpy.o)
 .debug_aranges
                0x00000000000005a0       0x20 k:/intelfpga_lite/18.1/nios2eds/bin/gnu/h-x86_64-mingw32/bin/../lib/gcc/nios2-elf/5.3.0/../../../../../H-x86_64-mingw32/nios2-elf/lib/mno-hw-mul\libsmallc.a(lib_a-__call_atexit.o)
 .debug_aranges
                0x00000000000005c0       0x20 k:/intelfpga_lite/18.1/nios2eds/bin/gnu/h-x86_64-mingw32/bin/../lib/gcc/nios2-elf/5.3.0/mno-hw-mul\libgcc.a(lib2-mul.o)
 .debug_aranges
                0x00000000000005e0       0x20 ../Lab2_bsp/\libhal_bsp.a(alt_exit.o)

.debug_pubnames
 *(.debug_pubnames)

.debug_info     0x0000000000000000     0x765e
 *(.debug_info .gnu.linkonce.wi.*)
 .debug_info    0x0000000000000000       0x71 ../Lab2_bsp//obj/HAL/src/crt0.o
 .debug_info    0x0000000000000071      0x11c obj/default/sem.o
 .debug_info    0x000000000000018d      0x66d k:/intelfpga_lite/18.1/nios2eds/bin/gnu/h-x86_64-mingw32/bin/../lib/gcc/nios2-elf/5.3.0/../../../../../H-x86_64-mingw32/nios2-elf/lib/mno-hw-mul\libsmallc.a(lib_a-puts.o)
 .debug_info    0x00000000000007fa       0xc9 k:/intelfpga_lite/18.1/nios2eds/bin/gnu/h-x86_64-mingw32/bin/../lib/gcc/nios2-elf/5.3.0/../../../../../H-x86_64-mingw32/nios2-elf/lib/mno-hw-mul\libsmallc.a(lib_a-strlen.o)
 .debug_info    0x00000000000008c3      0x62b k:/intelfpga_lite/18.1/nios2eds/bin/gnu/h-x86_64-mingw32/bin/../lib/gcc/nios2-elf/5.3.0/../../../../../H-x86_64-mingw32/nios2-elf/lib/mno-hw-mul\libsmallc.a(lib_a-fvwrite_small_dev.o)
 .debug_info    0x0000000000000eee      0x5a9 k:/intelfpga_lite/18.1/nios2eds/bin/gnu/h-x86_64-mingw32/bin/../lib/gcc/nios2-elf/5.3.0/../../../../../H-x86_64-mingw32/nios2-elf/lib/mno-hw-mul\libsmallc.a(lib_a-impure.o)
 .debug_info    0x0000000000001497      0x630 k:/intelfpga_lite/18.1/nios2eds/bin/gnu/h-x86_64-mingw32/bin/../lib/gcc/nios2-elf/5.3.0/../../../../../H-x86_64-mingw32/nios2-elf/lib/mno-hw-mul\libsmallc.a(lib_a-writer.o)
 .debug_info    0x0000000000001ac7       0x8a k:/intelfpga_lite/18.1/nios2eds/bin/gnu/h-x86_64-mingw32/bin/../lib/gcc/nios2-elf/5.3.0/../../../../../H-x86_64-mingw32/nios2-elf/lib/mno-hw-mul\libsmallc.a(lib_a-int_errno.o)
 .debug_info    0x0000000000001b51       0xbc ../Lab2_bsp/\libhal_bsp.a(alt_dcache_flush.o)
 .debug_info    0x0000000000001c0d      0x145 ../Lab2_bsp/\libhal_bsp.a(alt_load.o)
 .debug_info    0x0000000000001d52      0x131 ../Lab2_bsp/\libhal_bsp.a(alt_main.o)
 .debug_info    0x0000000000001e83      0x4b7 ../Lab2_bsp/\libhal_bsp.a(alt_write.o)
 .debug_info    0x000000000000233a      0x4d9 ../Lab2_bsp/\libhal_bsp.a(alt_sys_init.o)
 .debug_info    0x0000000000002813      0x52e ../Lab2_bsp/\libhal_bsp.a(altera_avalon_jtag_uart_fd.o)
 .debug_info    0x0000000000002d41      0x3a0 ../Lab2_bsp/\libhal_bsp.a(altera_avalon_jtag_uart_init.o)
 .debug_info    0x00000000000030e1      0x280 ../Lab2_bsp/\libhal_bsp.a(altera_avalon_jtag_uart_ioctl.o)
 .debug_info    0x0000000000003361      0x345 ../Lab2_bsp/\libhal_bsp.a(altera_avalon_jtag_uart_read.o)
 .debug_info    0x00000000000036a6      0x340 ../Lab2_bsp/\libhal_bsp.a(altera_avalon_jtag_uart_write.o)
 .debug_info    0x00000000000039e6      0x226 ../Lab2_bsp/\libhal_bsp.a(altera_avalon_timer_sc.o)
 .debug_info    0x0000000000003c0c      0x2cc ../Lab2_bsp/\libhal_bsp.a(alt_alarm_start.o)
 .debug_info    0x0000000000003ed8      0x321 ../Lab2_bsp/\libhal_bsp.a(alt_close.o)
 .debug_info    0x00000000000041f9       0x92 ../Lab2_bsp/\libhal_bsp.a(alt_dcache_flush_all.o)
 .debug_info    0x000000000000428b      0x49c ../Lab2_bsp/\libhal_bsp.a(alt_dev.o)
 .debug_info    0x0000000000004727      0x1a9 ../Lab2_bsp/\libhal_bsp.a(alt_dev_llist_insert.o)
 .debug_info    0x00000000000048d0       0xa6 ../Lab2_bsp/\libhal_bsp.a(alt_errno.o)
 .debug_info    0x0000000000004976       0x92 ../Lab2_bsp/\libhal_bsp.a(alt_icache_flush_all.o)
 .debug_info    0x0000000000004a08      0x350 ../Lab2_bsp/\libhal_bsp.a(alt_iic.o)
 .debug_info    0x0000000000004d58      0x1ef ../Lab2_bsp/\libhal_bsp.a(alt_iic_isr_register.o)
 .debug_info    0x0000000000004f47      0x4a5 ../Lab2_bsp/\libhal_bsp.a(alt_io_redirect.o)
 .debug_info    0x00000000000053ec       0x7a ../Lab2_bsp/\libhal_bsp.a(alt_irq_entry.o)
 .debug_info    0x0000000000005466      0x187 ../Lab2_bsp/\libhal_bsp.a(alt_irq_handler.o)
 .debug_info    0x00000000000055ed       0x88 ../Lab2_bsp/\libhal_bsp.a(alt_irq_vars.o)
 .debug_info    0x0000000000005675      0x3bb ../Lab2_bsp/\libhal_bsp.a(alt_open.o)
 .debug_info    0x0000000000005a30      0x2b0 ../Lab2_bsp/\libhal_bsp.a(alt_release_fd.o)
 .debug_info    0x0000000000005ce0      0x299 ../Lab2_bsp/\libhal_bsp.a(alt_tick.o)
 .debug_info    0x0000000000005f79       0x92 ../Lab2_bsp/\libhal_bsp.a(altera_nios2_gen2_irq.o)
 .debug_info    0x000000000000600b       0x80 ../Lab2_bsp/\libhal_bsp.a(alt_exception_entry.o)
 .debug_info    0x000000000000608b      0x2e9 ../Lab2_bsp/\libhal_bsp.a(alt_find_dev.o)
 .debug_info    0x0000000000006374      0x2e6 ../Lab2_bsp/\libhal_bsp.a(alt_find_file.o)
 .debug_info    0x000000000000665a      0x310 ../Lab2_bsp/\libhal_bsp.a(alt_get_fd.o)
 .debug_info    0x000000000000696a      0x1e7 ../Lab2_bsp/\libhal_bsp.a(alt_instruction_exception_entry.o)
 .debug_info    0x0000000000006b51       0xe5 k:/intelfpga_lite/18.1/nios2eds/bin/gnu/h-x86_64-mingw32/bin/../lib/gcc/nios2-elf/5.3.0/../../../../../H-x86_64-mingw32/nios2-elf/lib/mno-hw-mul\libsmallc.a(lib_a-exit.o)
 .debug_info    0x0000000000006c36       0xf4 k:/intelfpga_lite/18.1/nios2eds/bin/gnu/h-x86_64-mingw32/bin/../lib/gcc/nios2-elf/5.3.0/../../../../../H-x86_64-mingw32/nios2-elf/lib/mno-hw-mul\libsmallc.a(lib_a-memcmp.o)
 .debug_info    0x0000000000006d2a      0x119 k:/intelfpga_lite/18.1/nios2eds/bin/gnu/h-x86_64-mingw32/bin/../lib/gcc/nios2-elf/5.3.0/../../../../../H-x86_64-mingw32/nios2-elf/lib/mno-hw-mul\libsmallc.a(lib_a-memcpy.o)
 .debug_info    0x0000000000006e43      0x67b k:/intelfpga_lite/18.1/nios2eds/bin/gnu/h-x86_64-mingw32/bin/../lib/gcc/nios2-elf/5.3.0/../../../../../H-x86_64-mingw32/nios2-elf/lib/mno-hw-mul\libsmallc.a(lib_a-__call_atexit.o)
 .debug_info    0x00000000000074be       0xb4 k:/intelfpga_lite/18.1/nios2eds/bin/gnu/h-x86_64-mingw32/bin/../lib/gcc/nios2-elf/5.3.0/mno-hw-mul\libgcc.a(lib2-mul.o)
 .debug_info    0x0000000000007572       0xec ../Lab2_bsp/\libhal_bsp.a(alt_exit.o)

.debug_abbrev   0x0000000000000000     0x2bdf
 *(.debug_abbrev)
 .debug_abbrev  0x0000000000000000       0x12 ../Lab2_bsp//obj/HAL/src/crt0.o
 .debug_abbrev  0x0000000000000012       0xa0 obj/default/sem.o
 .debug_abbrev  0x00000000000000b2      0x1d6 k:/intelfpga_lite/18.1/nios2eds/bin/gnu/h-x86_64-mingw32/bin/../lib/gcc/nios2-elf/5.3.0/../../../../../H-x86_64-mingw32/nios2-elf/lib/mno-hw-mul\libsmallc.a(lib_a-puts.o)
 .debug_abbrev  0x0000000000000288       0x7f k:/intelfpga_lite/18.1/nios2eds/bin/gnu/h-x86_64-mingw32/bin/../lib/gcc/nios2-elf/5.3.0/../../../../../H-x86_64-mingw32/nios2-elf/lib/mno-hw-mul\libsmallc.a(lib_a-strlen.o)
 .debug_abbrev  0x0000000000000307      0x1bc k:/intelfpga_lite/18.1/nios2eds/bin/gnu/h-x86_64-mingw32/bin/../lib/gcc/nios2-elf/5.3.0/../../../../../H-x86_64-mingw32/nios2-elf/lib/mno-hw-mul\libsmallc.a(lib_a-fvwrite_small_dev.o)
 .debug_abbrev  0x00000000000004c3      0x14a k:/intelfpga_lite/18.1/nios2eds/bin/gnu/h-x86_64-mingw32/bin/../lib/gcc/nios2-elf/5.3.0/../../../../../H-x86_64-mingw32/nios2-elf/lib/mno-hw-mul\libsmallc.a(lib_a-impure.o)
 .debug_abbrev  0x000000000000060d      0x1a6 k:/intelfpga_lite/18.1/nios2eds/bin/gnu/h-x86_64-mingw32/bin/../lib/gcc/nios2-elf/5.3.0/../../../../../H-x86_64-mingw32/nios2-elf/lib/mno-hw-mul\libsmallc.a(lib_a-writer.o)
 .debug_abbrev  0x00000000000007b3       0x37 k:/intelfpga_lite/18.1/nios2eds/bin/gnu/h-x86_64-mingw32/bin/../lib/gcc/nios2-elf/5.3.0/../../../../../H-x86_64-mingw32/nios2-elf/lib/mno-hw-mul\libsmallc.a(lib_a-int_errno.o)
 .debug_abbrev  0x00000000000007ea       0x74 ../Lab2_bsp/\libhal_bsp.a(alt_dcache_flush.o)
 .debug_abbrev  0x000000000000085e       0x9f ../Lab2_bsp/\libhal_bsp.a(alt_load.o)
 .debug_abbrev  0x00000000000008fd       0xba ../Lab2_bsp/\libhal_bsp.a(alt_main.o)
 .debug_abbrev  0x00000000000009b7      0x133 ../Lab2_bsp/\libhal_bsp.a(alt_write.o)
 .debug_abbrev  0x0000000000000aea      0x187 ../Lab2_bsp/\libhal_bsp.a(alt_sys_init.o)
 .debug_abbrev  0x0000000000000c71      0x127 ../Lab2_bsp/\libhal_bsp.a(altera_avalon_jtag_uart_fd.o)
 .debug_abbrev  0x0000000000000d98      0x19e ../Lab2_bsp/\libhal_bsp.a(altera_avalon_jtag_uart_init.o)
 .debug_abbrev  0x0000000000000f36      0x111 ../Lab2_bsp/\libhal_bsp.a(altera_avalon_jtag_uart_ioctl.o)
 .debug_abbrev  0x0000000000001047      0x1aa ../Lab2_bsp/\libhal_bsp.a(altera_avalon_jtag_uart_read.o)
 .debug_abbrev  0x00000000000011f1      0x1a8 ../Lab2_bsp/\libhal_bsp.a(altera_avalon_jtag_uart_write.o)
 .debug_abbrev  0x0000000000001399      0x155 ../Lab2_bsp/\libhal_bsp.a(altera_avalon_timer_sc.o)
 .debug_abbrev  0x00000000000014ee      0x162 ../Lab2_bsp/\libhal_bsp.a(alt_alarm_start.o)
 .debug_abbrev  0x0000000000001650      0x11f ../Lab2_bsp/\libhal_bsp.a(alt_close.o)
 .debug_abbrev  0x000000000000176f       0x42 ../Lab2_bsp/\libhal_bsp.a(alt_dcache_flush_all.o)
 .debug_abbrev  0x00000000000017b1       0xd9 ../Lab2_bsp/\libhal_bsp.a(alt_dev.o)
 .debug_abbrev  0x000000000000188a      0x114 ../Lab2_bsp/\libhal_bsp.a(alt_dev_llist_insert.o)
 .debug_abbrev  0x000000000000199e       0x5a ../Lab2_bsp/\libhal_bsp.a(alt_errno.o)
 .debug_abbrev  0x00000000000019f8       0x42 ../Lab2_bsp/\libhal_bsp.a(alt_icache_flush_all.o)
 .debug_abbrev  0x0000000000001a3a      0x163 ../Lab2_bsp/\libhal_bsp.a(alt_iic.o)
 .debug_abbrev  0x0000000000001b9d      0x169 ../Lab2_bsp/\libhal_bsp.a(alt_iic_isr_register.o)
 .debug_abbrev  0x0000000000001d06      0x114 ../Lab2_bsp/\libhal_bsp.a(alt_io_redirect.o)
 .debug_abbrev  0x0000000000001e1a       0x12 ../Lab2_bsp/\libhal_bsp.a(alt_irq_entry.o)
 .debug_abbrev  0x0000000000001e2c      0x122 ../Lab2_bsp/\libhal_bsp.a(alt_irq_handler.o)
 .debug_abbrev  0x0000000000001f4e       0x40 ../Lab2_bsp/\libhal_bsp.a(alt_irq_vars.o)
 .debug_abbrev  0x0000000000001f8e      0x148 ../Lab2_bsp/\libhal_bsp.a(alt_open.o)
 .debug_abbrev  0x00000000000020d6       0xde ../Lab2_bsp/\libhal_bsp.a(alt_release_fd.o)
 .debug_abbrev  0x00000000000021b4      0x15a ../Lab2_bsp/\libhal_bsp.a(alt_tick.o)
 .debug_abbrev  0x000000000000230e       0x42 ../Lab2_bsp/\libhal_bsp.a(altera_nios2_gen2_irq.o)
 .debug_abbrev  0x0000000000002350       0x12 ../Lab2_bsp/\libhal_bsp.a(alt_exception_entry.o)
 .debug_abbrev  0x0000000000002362       0xf0 ../Lab2_bsp/\libhal_bsp.a(alt_find_dev.o)
 .debug_abbrev  0x0000000000002452       0xf0 ../Lab2_bsp/\libhal_bsp.a(alt_find_file.o)
 .debug_abbrev  0x0000000000002542      0x10d ../Lab2_bsp/\libhal_bsp.a(alt_get_fd.o)
 .debug_abbrev  0x000000000000264f       0xdc ../Lab2_bsp/\libhal_bsp.a(alt_instruction_exception_entry.o)
 .debug_abbrev  0x000000000000272b       0x8b k:/intelfpga_lite/18.1/nios2eds/bin/gnu/h-x86_64-mingw32/bin/../lib/gcc/nios2-elf/5.3.0/../../../../../H-x86_64-mingw32/nios2-elf/lib/mno-hw-mul\libsmallc.a(lib_a-exit.o)
 .debug_abbrev  0x00000000000027b6       0x7f k:/intelfpga_lite/18.1/nios2eds/bin/gnu/h-x86_64-mingw32/bin/../lib/gcc/nios2-elf/5.3.0/../../../../../H-x86_64-mingw32/nios2-elf/lib/mno-hw-mul\libsmallc.a(lib_a-memcmp.o)
 .debug_abbrev  0x0000000000002835       0x9c k:/intelfpga_lite/18.1/nios2eds/bin/gnu/h-x86_64-mingw32/bin/../lib/gcc/nios2-elf/5.3.0/../../../../../H-x86_64-mingw32/nios2-elf/lib/mno-hw-mul\libsmallc.a(lib_a-memcpy.o)
 .debug_abbrev  0x00000000000028d1      0x1f6 k:/intelfpga_lite/18.1/nios2eds/bin/gnu/h-x86_64-mingw32/bin/../lib/gcc/nios2-elf/5.3.0/../../../../../H-x86_64-mingw32/nios2-elf/lib/mno-hw-mul\libsmallc.a(lib_a-__call_atexit.o)
 .debug_abbrev  0x0000000000002ac7       0x6f k:/intelfpga_lite/18.1/nios2eds/bin/gnu/h-x86_64-mingw32/bin/../lib/gcc/nios2-elf/5.3.0/mno-hw-mul\libgcc.a(lib2-mul.o)
 .debug_abbrev  0x0000000000002b36       0xa9 ../Lab2_bsp/\libhal_bsp.a(alt_exit.o)

.debug_line     0x0000000000000000     0x2e12
 *(.debug_line)
 .debug_line    0x0000000000000000       0x5c ../Lab2_bsp//obj/HAL/src/crt0.o
 .debug_line    0x000000000000005c       0x96 obj/default/sem.o
 .debug_line    0x00000000000000f2      0x206 k:/intelfpga_lite/18.1/nios2eds/bin/gnu/h-x86_64-mingw32/bin/../lib/gcc/nios2-elf/5.3.0/../../../../../H-x86_64-mingw32/nios2-elf/lib/mno-hw-mul\libsmallc.a(lib_a-puts.o)
 .debug_line    0x00000000000002f8      0x15c k:/intelfpga_lite/18.1/nios2eds/bin/gnu/h-x86_64-mingw32/bin/../lib/gcc/nios2-elf/5.3.0/../../../../../H-x86_64-mingw32/nios2-elf/lib/mno-hw-mul\libsmallc.a(lib_a-strlen.o)
 .debug_line    0x0000000000000454      0x1f0 k:/intelfpga_lite/18.1/nios2eds/bin/gnu/h-x86_64-mingw32/bin/../lib/gcc/nios2-elf/5.3.0/../../../../../H-x86_64-mingw32/nios2-elf/lib/mno-hw-mul\libsmallc.a(lib_a-fvwrite_small_dev.o)
 .debug_line    0x0000000000000644      0x156 k:/intelfpga_lite/18.1/nios2eds/bin/gnu/h-x86_64-mingw32/bin/../lib/gcc/nios2-elf/5.3.0/../../../../../H-x86_64-mingw32/nios2-elf/lib/mno-hw-mul\libsmallc.a(lib_a-impure.o)
 .debug_line    0x000000000000079a      0x1ed k:/intelfpga_lite/18.1/nios2eds/bin/gnu/h-x86_64-mingw32/bin/../lib/gcc/nios2-elf/5.3.0/../../../../../H-x86_64-mingw32/nios2-elf/lib/mno-hw-mul\libsmallc.a(lib_a-writer.o)
 .debug_line    0x0000000000000987       0x5f k:/intelfpga_lite/18.1/nios2eds/bin/gnu/h-x86_64-mingw32/bin/../lib/gcc/nios2-elf/5.3.0/../../../../../H-x86_64-mingw32/nios2-elf/lib/mno-hw-mul\libsmallc.a(lib_a-int_errno.o)
 .debug_line    0x00000000000009e6       0x67 ../Lab2_bsp/\libhal_bsp.a(alt_dcache_flush.o)
 .debug_line    0x0000000000000a4d       0x8e ../Lab2_bsp/\libhal_bsp.a(alt_load.o)
 .debug_line    0x0000000000000adb       0x9e ../Lab2_bsp/\libhal_bsp.a(alt_main.o)
 .debug_line    0x0000000000000b79      0x1db ../Lab2_bsp/\libhal_bsp.a(alt_write.o)
 .debug_line    0x0000000000000d54      0x151 ../Lab2_bsp/\libhal_bsp.a(alt_sys_init.o)
 .debug_line    0x0000000000000ea5      0x12f ../Lab2_bsp/\libhal_bsp.a(altera_avalon_jtag_uart_fd.o)
 .debug_line    0x0000000000000fd4      0x18b ../Lab2_bsp/\libhal_bsp.a(altera_avalon_jtag_uart_init.o)
 .debug_line    0x000000000000115f      0x131 ../Lab2_bsp/\libhal_bsp.a(altera_avalon_jtag_uart_ioctl.o)
 .debug_line    0x0000000000001290      0x171 ../Lab2_bsp/\libhal_bsp.a(altera_avalon_jtag_uart_read.o)
 .debug_line    0x0000000000001401      0x170 ../Lab2_bsp/\libhal_bsp.a(altera_avalon_jtag_uart_write.o)
 .debug_line    0x0000000000001571       0xfd ../Lab2_bsp/\libhal_bsp.a(altera_avalon_timer_sc.o)
 .debug_line    0x000000000000166e       0xf9 ../Lab2_bsp/\libhal_bsp.a(alt_alarm_start.o)
 .debug_line    0x0000000000001767      0x165 ../Lab2_bsp/\libhal_bsp.a(alt_close.o)
 .debug_line    0x00000000000018cc       0x51 ../Lab2_bsp/\libhal_bsp.a(alt_dcache_flush_all.o)
 .debug_line    0x000000000000191d       0xf8 ../Lab2_bsp/\libhal_bsp.a(alt_dev.o)
 .debug_line    0x0000000000001a15       0xcf ../Lab2_bsp/\libhal_bsp.a(alt_dev_llist_insert.o)
 .debug_line    0x0000000000001ae4       0x51 ../Lab2_bsp/\libhal_bsp.a(alt_errno.o)
 .debug_line    0x0000000000001b35       0x4f ../Lab2_bsp/\libhal_bsp.a(alt_icache_flush_all.o)
 .debug_line    0x0000000000001b84       0xeb ../Lab2_bsp/\libhal_bsp.a(alt_iic.o)
 .debug_line    0x0000000000001c6f       0xdb ../Lab2_bsp/\libhal_bsp.a(alt_iic_isr_register.o)
 .debug_line    0x0000000000001d4a      0x135 ../Lab2_bsp/\libhal_bsp.a(alt_io_redirect.o)
 .debug_line    0x0000000000001e7f       0x6b ../Lab2_bsp/\libhal_bsp.a(alt_irq_entry.o)
 .debug_line    0x0000000000001eea       0xaa ../Lab2_bsp/\libhal_bsp.a(alt_irq_handler.o)
 .debug_line    0x0000000000001f94       0x50 ../Lab2_bsp/\libhal_bsp.a(alt_irq_vars.o)
 .debug_line    0x0000000000001fe4      0x12b ../Lab2_bsp/\libhal_bsp.a(alt_open.o)
 .debug_line    0x000000000000210f       0xb0 ../Lab2_bsp/\libhal_bsp.a(alt_release_fd.o)
 .debug_line    0x00000000000021bf       0xff ../Lab2_bsp/\libhal_bsp.a(alt_tick.o)
 .debug_line    0x00000000000022be       0x51 ../Lab2_bsp/\libhal_bsp.a(altera_nios2_gen2_irq.o)
 .debug_line    0x000000000000230f       0xb3 ../Lab2_bsp/\libhal_bsp.a(alt_exception_entry.o)
 .debug_line    0x00000000000023c2       0xb5 ../Lab2_bsp/\libhal_bsp.a(alt_find_dev.o)
 .debug_line    0x0000000000002477       0xd1 ../Lab2_bsp/\libhal_bsp.a(alt_find_file.o)
 .debug_line    0x0000000000002548       0xd7 ../Lab2_bsp/\libhal_bsp.a(alt_get_fd.o)
 .debug_line    0x000000000000261f       0xb9 ../Lab2_bsp/\libhal_bsp.a(alt_instruction_exception_entry.o)
 .debug_line    0x00000000000026d8      0x159 k:/intelfpga_lite/18.1/nios2eds/bin/gnu/h-x86_64-mingw32/bin/../lib/gcc/nios2-elf/5.3.0/../../../../../H-x86_64-mingw32/nios2-elf/lib/mno-hw-mul\libsmallc.a(lib_a-exit.o)
 .debug_line    0x0000000000002831      0x160 k:/intelfpga_lite/18.1/nios2eds/bin/gnu/h-x86_64-mingw32/bin/../lib/gcc/nios2-elf/5.3.0/../../../../../H-x86_64-mingw32/nios2-elf/lib/mno-hw-mul\libsmallc.a(lib_a-memcmp.o)
 .debug_line    0x0000000000002991      0x15e k:/intelfpga_lite/18.1/nios2eds/bin/gnu/h-x86_64-mingw32/bin/../lib/gcc/nios2-elf/5.3.0/../../../../../H-x86_64-mingw32/nios2-elf/lib/mno-hw-mul\libsmallc.a(lib_a-memcpy.o)
 .debug_line    0x0000000000002aef      0x232 k:/intelfpga_lite/18.1/nios2eds/bin/gnu/h-x86_64-mingw32/bin/../lib/gcc/nios2-elf/5.3.0/../../../../../H-x86_64-mingw32/nios2-elf/lib/mno-hw-mul\libsmallc.a(lib_a-__call_atexit.o)
 .debug_line    0x0000000000002d21       0x80 k:/intelfpga_lite/18.1/nios2eds/bin/gnu/h-x86_64-mingw32/bin/../lib/gcc/nios2-elf/5.3.0/mno-hw-mul\libgcc.a(lib2-mul.o)
 .debug_line    0x0000000000002da1       0x71 ../Lab2_bsp/\libhal_bsp.a(alt_exit.o)

.debug_frame    0x0000000000000000      0xb90
 *(.debug_frame)
 .debug_frame   0x0000000000000000       0x2c obj/default/sem.o
 .debug_frame   0x000000000000002c       0x48 k:/intelfpga_lite/18.1/nios2eds/bin/gnu/h-x86_64-mingw32/bin/../lib/gcc/nios2-elf/5.3.0/../../../../../H-x86_64-mingw32/nios2-elf/lib/mno-hw-mul\libsmallc.a(lib_a-puts.o)
 .debug_frame   0x0000000000000074       0x20 k:/intelfpga_lite/18.1/nios2eds/bin/gnu/h-x86_64-mingw32/bin/../lib/gcc/nios2-elf/5.3.0/../../../../../H-x86_64-mingw32/nios2-elf/lib/mno-hw-mul\libsmallc.a(lib_a-strlen.o)
 .debug_frame   0x0000000000000094       0x58 k:/intelfpga_lite/18.1/nios2eds/bin/gnu/h-x86_64-mingw32/bin/../lib/gcc/nios2-elf/5.3.0/../../../../../H-x86_64-mingw32/nios2-elf/lib/mno-hw-mul\libsmallc.a(lib_a-fvwrite_small_dev.o)
 .debug_frame   0x00000000000000ec       0x38 k:/intelfpga_lite/18.1/nios2eds/bin/gnu/h-x86_64-mingw32/bin/../lib/gcc/nios2-elf/5.3.0/../../../../../H-x86_64-mingw32/nios2-elf/lib/mno-hw-mul\libsmallc.a(lib_a-writer.o)
 .debug_frame   0x0000000000000124       0x34 ../Lab2_bsp/\libhal_bsp.a(alt_dcache_flush.o)
 .debug_frame   0x0000000000000158       0x5c ../Lab2_bsp/\libhal_bsp.a(alt_load.o)
 .debug_frame   0x00000000000001b4       0x2c ../Lab2_bsp/\libhal_bsp.a(alt_main.o)
 .debug_frame   0x00000000000001e0       0x60 ../Lab2_bsp/\libhal_bsp.a(alt_write.o)
 .debug_frame   0x0000000000000240       0x88 ../Lab2_bsp/\libhal_bsp.a(alt_sys_init.o)
 .debug_frame   0x00000000000002c8       0xb0 ../Lab2_bsp/\libhal_bsp.a(altera_avalon_jtag_uart_fd.o)
 .debug_frame   0x0000000000000378       0xa4 ../Lab2_bsp/\libhal_bsp.a(altera_avalon_jtag_uart_init.o)
 .debug_frame   0x000000000000041c       0x34 ../Lab2_bsp/\libhal_bsp.a(altera_avalon_jtag_uart_ioctl.o)
 .debug_frame   0x0000000000000450       0x38 ../Lab2_bsp/\libhal_bsp.a(altera_avalon_jtag_uart_read.o)
 .debug_frame   0x0000000000000488       0x38 ../Lab2_bsp/\libhal_bsp.a(altera_avalon_jtag_uart_write.o)
 .debug_frame   0x00000000000004c0       0x60 ../Lab2_bsp/\libhal_bsp.a(altera_avalon_timer_sc.o)
 .debug_frame   0x0000000000000520       0x34 ../Lab2_bsp/\libhal_bsp.a(alt_alarm_start.o)
 .debug_frame   0x0000000000000554       0x60 ../Lab2_bsp/\libhal_bsp.a(alt_close.o)
 .debug_frame   0x00000000000005b4       0x34 ../Lab2_bsp/\libhal_bsp.a(alt_dcache_flush_all.o)
 .debug_frame   0x00000000000005e8       0x34 ../Lab2_bsp/\libhal_bsp.a(alt_dev.o)
 .debug_frame   0x000000000000061c       0x60 ../Lab2_bsp/\libhal_bsp.a(alt_dev_llist_insert.o)
 .debug_frame   0x000000000000067c       0x34 ../Lab2_bsp/\libhal_bsp.a(alt_icache_flush_all.o)
 .debug_frame   0x00000000000006b0       0xa4 ../Lab2_bsp/\libhal_bsp.a(alt_iic.o)
 .debug_frame   0x0000000000000754       0x38 ../Lab2_bsp/\libhal_bsp.a(alt_iic_isr_register.o)
 .debug_frame   0x000000000000078c       0x64 ../Lab2_bsp/\libhal_bsp.a(alt_io_redirect.o)
 .debug_frame   0x00000000000007f0       0x38 ../Lab2_bsp/\libhal_bsp.a(alt_irq_handler.o)
 .debug_frame   0x0000000000000828       0x8c ../Lab2_bsp/\libhal_bsp.a(alt_open.o)
 .debug_frame   0x00000000000008b4       0x3c ../Lab2_bsp/\libhal_bsp.a(alt_release_fd.o)
 .debug_frame   0x00000000000008f0       0x5c ../Lab2_bsp/\libhal_bsp.a(alt_tick.o)
 .debug_frame   0x000000000000094c       0x34 ../Lab2_bsp/\libhal_bsp.a(altera_nios2_gen2_irq.o)
 .debug_frame   0x0000000000000980       0x38 ../Lab2_bsp/\libhal_bsp.a(alt_find_dev.o)
 .debug_frame   0x00000000000009b8       0x38 ../Lab2_bsp/\libhal_bsp.a(alt_find_file.o)
 .debug_frame   0x00000000000009f0       0x3c ../Lab2_bsp/\libhal_bsp.a(alt_get_fd.o)
 .debug_frame   0x0000000000000a2c       0x5c ../Lab2_bsp/\libhal_bsp.a(alt_instruction_exception_entry.o)
 .debug_frame   0x0000000000000a88       0x28 k:/intelfpga_lite/18.1/nios2eds/bin/gnu/h-x86_64-mingw32/bin/../lib/gcc/nios2-elf/5.3.0/../../../../../H-x86_64-mingw32/nios2-elf/lib/mno-hw-mul\libsmallc.a(lib_a-exit.o)
 .debug_frame   0x0000000000000ab0       0x20 k:/intelfpga_lite/18.1/nios2eds/bin/gnu/h-x86_64-mingw32/bin/../lib/gcc/nios2-elf/5.3.0/../../../../../H-x86_64-mingw32/nios2-elf/lib/mno-hw-mul\libsmallc.a(lib_a-memcmp.o)
 .debug_frame   0x0000000000000ad0       0x20 k:/intelfpga_lite/18.1/nios2eds/bin/gnu/h-x86_64-mingw32/bin/../lib/gcc/nios2-elf/5.3.0/../../../../../H-x86_64-mingw32/nios2-elf/lib/mno-hw-mul\libsmallc.a(lib_a-memcpy.o)
 .debug_frame   0x0000000000000af0       0x54 k:/intelfpga_lite/18.1/nios2eds/bin/gnu/h-x86_64-mingw32/bin/../lib/gcc/nios2-elf/5.3.0/../../../../../H-x86_64-mingw32/nios2-elf/lib/mno-hw-mul\libsmallc.a(lib_a-__call_atexit.o)
 .debug_frame   0x0000000000000b44       0x20 k:/intelfpga_lite/18.1/nios2eds/bin/gnu/h-x86_64-mingw32/bin/../lib/gcc/nios2-elf/5.3.0/mno-hw-mul\libgcc.a(lib2-mul.o)
 .debug_frame   0x0000000000000b64       0x2c ../Lab2_bsp/\libhal_bsp.a(alt_exit.o)

.debug_str      0x0000000000000000     0x1baa
 *(.debug_str)
 .debug_str     0x0000000000000000      0x116 obj/default/sem.o
                                        0x154 (size before relaxing)
 .debug_str     0x0000000000000116      0x3f3 k:/intelfpga_lite/18.1/nios2eds/bin/gnu/h-x86_64-mingw32/bin/../lib/gcc/nios2-elf/5.3.0/../../../../../H-x86_64-mingw32/nios2-elf/lib/mno-hw-mul\libsmallc.a(lib_a-puts.o)
                                        0x4cd (size before relaxing)
 .debug_str     0x0000000000000509       0xd2 k:/intelfpga_lite/18.1/nios2eds/bin/gnu/h-x86_64-mingw32/bin/../lib/gcc/nios2-elf/5.3.0/../../../../../H-x86_64-mingw32/nios2-elf/lib/mno-hw-mul\libsmallc.a(lib_a-strlen.o)
                                        0x1e5 (size before relaxing)
 .debug_str     0x00000000000005db       0x63 k:/intelfpga_lite/18.1/nios2eds/bin/gnu/h-x86_64-mingw32/bin/../lib/gcc/nios2-elf/5.3.0/../../../../../H-x86_64-mingw32/nios2-elf/lib/mno-hw-mul\libsmallc.a(lib_a-fvwrite_small_dev.o)
                                        0x4d4 (size before relaxing)
 .debug_str     0x000000000000063e       0xef k:/intelfpga_lite/18.1/nios2eds/bin/gnu/h-x86_64-mingw32/bin/../lib/gcc/nios2-elf/5.3.0/../../../../../H-x86_64-mingw32/nios2-elf/lib/mno-hw-mul\libsmallc.a(lib_a-impure.o)
                                        0x4be (size before relaxing)
 .debug_str     0x000000000000072d       0x45 k:/intelfpga_lite/18.1/nios2eds/bin/gnu/h-x86_64-mingw32/bin/../lib/gcc/nios2-elf/5.3.0/../../../../../H-x86_64-mingw32/nios2-elf/lib/mno-hw-mul\libsmallc.a(lib_a-writer.o)
                                        0x4b8 (size before relaxing)
 .debug_str     0x0000000000000772       0x3f k:/intelfpga_lite/18.1/nios2eds/bin/gnu/h-x86_64-mingw32/bin/../lib/gcc/nios2-elf/5.3.0/../../../../../H-x86_64-mingw32/nios2-elf/lib/mno-hw-mul\libsmallc.a(lib_a-int_errno.o)
                                        0x1d8 (size before relaxing)
 .debug_str     0x00000000000007b1       0x58 ../Lab2_bsp/\libhal_bsp.a(alt_dcache_flush.o)
                                        0x15e (size before relaxing)
 .debug_str     0x0000000000000809       0xe9 ../Lab2_bsp/\libhal_bsp.a(alt_load.o)
                                        0x215 (size before relaxing)
 .debug_str     0x00000000000008f2       0x70 ../Lab2_bsp/\libhal_bsp.a(alt_main.o)
                                        0x1a0 (size before relaxing)
 .debug_str     0x0000000000000962      0x153 ../Lab2_bsp/\libhal_bsp.a(alt_write.o)
                                        0x2fb (size before relaxing)
 .debug_str     0x0000000000000ab5      0x18b ../Lab2_bsp/\libhal_bsp.a(alt_sys_init.o)
                                        0x391 (size before relaxing)
 .debug_str     0x0000000000000c40       0xb9 ../Lab2_bsp/\libhal_bsp.a(altera_avalon_jtag_uart_fd.o)
                                        0x3a7 (size before relaxing)
 .debug_str     0x0000000000000cf9       0xd1 ../Lab2_bsp/\libhal_bsp.a(altera_avalon_jtag_uart_init.o)
                                        0x33b (size before relaxing)
 .debug_str     0x0000000000000dca       0x4a ../Lab2_bsp/\libhal_bsp.a(altera_avalon_jtag_uart_ioctl.o)
                                        0x296 (size before relaxing)
 .debug_str     0x0000000000000e14       0x7f ../Lab2_bsp/\libhal_bsp.a(altera_avalon_jtag_uart_read.o)
                                        0x2eb (size before relaxing)
 .debug_str     0x0000000000000e93       0x4a ../Lab2_bsp/\libhal_bsp.a(altera_avalon_jtag_uart_write.o)
                                        0x2ec (size before relaxing)
 .debug_str     0x0000000000000edd       0x6d ../Lab2_bsp/\libhal_bsp.a(altera_avalon_timer_sc.o)
                                        0x24e (size before relaxing)
 .debug_str     0x0000000000000f4a       0x59 ../Lab2_bsp/\libhal_bsp.a(alt_alarm_start.o)
                                        0x281 (size before relaxing)
 .debug_str     0x0000000000000fa3       0x1b ../Lab2_bsp/\libhal_bsp.a(alt_close.o)
                                        0x20e (size before relaxing)
 .debug_str     0x0000000000000fbe       0x34 ../Lab2_bsp/\libhal_bsp.a(alt_dcache_flush_all.o)
                                        0x158 (size before relaxing)
 .debug_str     0x0000000000000ff2       0x50 ../Lab2_bsp/\libhal_bsp.a(alt_dev.o)
                                        0x308 (size before relaxing)
 .debug_str     0x0000000000001042       0x34 ../Lab2_bsp/\libhal_bsp.a(alt_dev_llist_insert.o)
                                        0x1cf (size before relaxing)
 .debug_str     0x0000000000001076       0x14 ../Lab2_bsp/\libhal_bsp.a(alt_errno.o)
                                        0x148 (size before relaxing)
 .debug_str     0x000000000000108a       0x34 ../Lab2_bsp/\libhal_bsp.a(alt_icache_flush_all.o)
                                        0x158 (size before relaxing)
 .debug_str     0x00000000000010be       0xc4 ../Lab2_bsp/\libhal_bsp.a(alt_iic.o)
                                        0x241 (size before relaxing)
 .debug_str     0x0000000000001182       0x4c ../Lab2_bsp/\libhal_bsp.a(alt_iic_isr_register.o)
                                        0x1eb (size before relaxing)
 .debug_str     0x00000000000011ce       0x56 ../Lab2_bsp/\libhal_bsp.a(alt_io_redirect.o)
                                        0x319 (size before relaxing)
 .debug_str     0x0000000000001224       0x3a ../Lab2_bsp/\libhal_bsp.a(alt_irq_handler.o)
                                        0x19a (size before relaxing)
 .debug_str     0x000000000000125e       0x17 ../Lab2_bsp/\libhal_bsp.a(alt_irq_vars.o)
                                        0x13d (size before relaxing)
 .debug_str     0x0000000000001275       0x2f ../Lab2_bsp/\libhal_bsp.a(alt_open.o)
                                        0x24e (size before relaxing)
 .debug_str     0x00000000000012a4       0x28 ../Lab2_bsp/\libhal_bsp.a(alt_release_fd.o)
                                        0x1d6 (size before relaxing)
 .debug_str     0x00000000000012cc       0x4a ../Lab2_bsp/\libhal_bsp.a(alt_tick.o)
                                        0x255 (size before relaxing)
 .debug_str     0x0000000000001316       0x3b ../Lab2_bsp/\libhal_bsp.a(altera_nios2_gen2_irq.o)
                                        0x15f (size before relaxing)
 .debug_str     0x0000000000001351       0x24 ../Lab2_bsp/\libhal_bsp.a(alt_find_dev.o)
                                        0x1ef (size before relaxing)
 .debug_str     0x0000000000001375       0x26 ../Lab2_bsp/\libhal_bsp.a(alt_find_file.o)
                                        0x1fd (size before relaxing)
 .debug_str     0x000000000000139b       0x30 ../Lab2_bsp/\libhal_bsp.a(alt_get_fd.o)
                                        0x21f (size before relaxing)
 .debug_str     0x00000000000013cb      0x48b ../Lab2_bsp/\libhal_bsp.a(alt_instruction_exception_entry.o)
                                        0x5a3 (size before relaxing)
 .debug_str     0x0000000000001856       0xe1 k:/intelfpga_lite/18.1/nios2eds/bin/gnu/h-x86_64-mingw32/bin/../lib/gcc/nios2-elf/5.3.0/../../../../../H-x86_64-mingw32/nios2-elf/lib/mno-hw-mul\libsmallc.a(lib_a-exit.o)
                                        0x1f0 (size before relaxing)
 .debug_str     0x0000000000001937       0x44 k:/intelfpga_lite/18.1/nios2eds/bin/gnu/h-x86_64-mingw32/bin/../lib/gcc/nios2-elf/5.3.0/../../../../../H-x86_64-mingw32/nios2-elf/lib/mno-hw-mul\libsmallc.a(lib_a-memcmp.o)
                                        0x1df (size before relaxing)
 .debug_str     0x000000000000197b       0x58 k:/intelfpga_lite/18.1/nios2eds/bin/gnu/h-x86_64-mingw32/bin/../lib/gcc/nios2-elf/5.3.0/../../../../../H-x86_64-mingw32/nios2-elf/lib/mno-hw-mul\libsmallc.a(lib_a-memcpy.o)
                                        0x1f3 (size before relaxing)
 .debug_str     0x00000000000019d3       0x65 k:/intelfpga_lite/18.1/nios2eds/bin/gnu/h-x86_64-mingw32/bin/../lib/gcc/nios2-elf/5.3.0/../../../../../H-x86_64-mingw32/nios2-elf/lib/mno-hw-mul\libsmallc.a(lib_a-__call_atexit.o)
                                        0x4eb (size before relaxing)
 .debug_str     0x0000000000001a38      0x148 k:/intelfpga_lite/18.1/nios2eds/bin/gnu/h-x86_64-mingw32/bin/../lib/gcc/nios2-elf/5.3.0/mno-hw-mul\libgcc.a(lib2-mul.o)
                                        0x193 (size before relaxing)
 .debug_str     0x0000000000001b80       0x2a ../Lab2_bsp/\libhal_bsp.a(alt_exit.o)
                                        0x154 (size before relaxing)

.debug_loc      0x0000000000000000      0x63b
 *(.debug_loc)
 .debug_loc     0x0000000000000000       0x97 k:/intelfpga_lite/18.1/nios2eds/bin/gnu/h-x86_64-mingw32/bin/../lib/gcc/nios2-elf/5.3.0/../../../../../H-x86_64-mingw32/nios2-elf/lib/mno-hw-mul\libsmallc.a(lib_a-puts.o)
 .debug_loc     0x0000000000000097       0x1e k:/intelfpga_lite/18.1/nios2eds/bin/gnu/h-x86_64-mingw32/bin/../lib/gcc/nios2-elf/5.3.0/../../../../../H-x86_64-mingw32/nios2-elf/lib/mno-hw-mul\libsmallc.a(lib_a-strlen.o)
 .debug_loc     0x00000000000000b5      0x110 k:/intelfpga_lite/18.1/nios2eds/bin/gnu/h-x86_64-mingw32/bin/../lib/gcc/nios2-elf/5.3.0/../../../../../H-x86_64-mingw32/nios2-elf/lib/mno-hw-mul\libsmallc.a(lib_a-fvwrite_small_dev.o)
 .debug_loc     0x00000000000001c5       0xa5 k:/intelfpga_lite/18.1/nios2eds/bin/gnu/h-x86_64-mingw32/bin/../lib/gcc/nios2-elf/5.3.0/../../../../../H-x86_64-mingw32/nios2-elf/lib/mno-hw-mul\libsmallc.a(lib_a-writer.o)
 .debug_loc     0x000000000000026a       0x1e k:/intelfpga_lite/18.1/nios2eds/bin/gnu/h-x86_64-mingw32/bin/../lib/gcc/nios2-elf/5.3.0/../../../../../H-x86_64-mingw32/nios2-elf/lib/mno-hw-mul\libsmallc.a(lib_a-exit.o)
 .debug_loc     0x0000000000000288       0x94 k:/intelfpga_lite/18.1/nios2eds/bin/gnu/h-x86_64-mingw32/bin/../lib/gcc/nios2-elf/5.3.0/../../../../../H-x86_64-mingw32/nios2-elf/lib/mno-hw-mul\libsmallc.a(lib_a-memcmp.o)
 .debug_loc     0x000000000000031c      0x135 k:/intelfpga_lite/18.1/nios2eds/bin/gnu/h-x86_64-mingw32/bin/../lib/gcc/nios2-elf/5.3.0/../../../../../H-x86_64-mingw32/nios2-elf/lib/mno-hw-mul\libsmallc.a(lib_a-memcpy.o)
 .debug_loc     0x0000000000000451      0x157 k:/intelfpga_lite/18.1/nios2eds/bin/gnu/h-x86_64-mingw32/bin/../lib/gcc/nios2-elf/5.3.0/../../../../../H-x86_64-mingw32/nios2-elf/lib/mno-hw-mul\libsmallc.a(lib_a-__call_atexit.o)
 .debug_loc     0x00000000000005a8       0x93 k:/intelfpga_lite/18.1/nios2eds/bin/gnu/h-x86_64-mingw32/bin/../lib/gcc/nios2-elf/5.3.0/mno-hw-mul\libgcc.a(lib2-mul.o)

.debug_macinfo
 *(.debug_macinfo)

.debug_weaknames
 *(.debug_weaknames)

.debug_funcnames
 *(.debug_funcnames)

.debug_typenames
 *(.debug_typenames)

.debug_varnames
 *(.debug_varnames)

.debug_alt_sim_info
 *(.debug_alt_sim_info)
                0x0000000000020000                __alt_data_end = 0x20000
                0x0000000000020000                PROVIDE (__alt_stack_pointer, __alt_data_end)
                [!provide]                        PROVIDE (__alt_stack_limit, __alt_stack_base)
                [!provide]                        PROVIDE (__alt_heap_start, end)
                [!provide]                        PROVIDE (__alt_heap_limit, 0x20000)
OUTPUT(RUN_ON_HDL_SIMULATOR_ONLY_Lab2.elf elf32-littlenios2)

.debug_ranges   0x0000000000000000      0x1a0
 .debug_ranges  0x0000000000000000       0x20 ../Lab2_bsp//obj/HAL/src/crt0.o
 .debug_ranges  0x0000000000000020       0x18 k:/intelfpga_lite/18.1/nios2eds/bin/gnu/h-x86_64-mingw32/bin/../lib/gcc/nios2-elf/5.3.0/../../../../../H-x86_64-mingw32/nios2-elf/lib/mno-hw-mul\libsmallc.a(lib_a-puts.o)
 .debug_ranges  0x0000000000000038       0x10 k:/intelfpga_lite/18.1/nios2eds/bin/gnu/h-x86_64-mingw32/bin/../lib/gcc/nios2-elf/5.3.0/../../../../../H-x86_64-mingw32/nios2-elf/lib/mno-hw-mul\libsmallc.a(lib_a-strlen.o)
 .debug_ranges  0x0000000000000048       0x28 k:/intelfpga_lite/18.1/nios2eds/bin/gnu/h-x86_64-mingw32/bin/../lib/gcc/nios2-elf/5.3.0/../../../../../H-x86_64-mingw32/nios2-elf/lib/mno-hw-mul\libsmallc.a(lib_a-fvwrite_small_dev.o)
 .debug_ranges  0x0000000000000070       0x10 k:/intelfpga_lite/18.1/nios2eds/bin/gnu/h-x86_64-mingw32/bin/../lib/gcc/nios2-elf/5.3.0/../../../../../H-x86_64-mingw32/nios2-elf/lib/mno-hw-mul\libsmallc.a(lib_a-writer.o)
 .debug_ranges  0x0000000000000080       0x30 ../Lab2_bsp/\libhal_bsp.a(altera_avalon_jtag_uart_init.o)
 .debug_ranges  0x00000000000000b0       0x18 ../Lab2_bsp/\libhal_bsp.a(altera_avalon_jtag_uart_read.o)
 .debug_ranges  0x00000000000000c8       0x28 ../Lab2_bsp/\libhal_bsp.a(alt_irq_entry.o)
 .debug_ranges  0x00000000000000f0       0x10 ../Lab2_bsp/\libhal_bsp.a(alt_irq_handler.o)
 .debug_ranges  0x0000000000000100       0x30 ../Lab2_bsp/\libhal_bsp.a(alt_exception_entry.o)
 .debug_ranges  0x0000000000000130       0x18 ../Lab2_bsp/\libhal_bsp.a(alt_instruction_exception_entry.o)
 .debug_ranges  0x0000000000000148       0x10 k:/intelfpga_lite/18.1/nios2eds/bin/gnu/h-x86_64-mingw32/bin/../lib/gcc/nios2-elf/5.3.0/../../../../../H-x86_64-mingw32/nios2-elf/lib/mno-hw-mul\libsmallc.a(lib_a-exit.o)
 .debug_ranges  0x0000000000000158       0x10 k:/intelfpga_lite/18.1/nios2eds/bin/gnu/h-x86_64-mingw32/bin/../lib/gcc/nios2-elf/5.3.0/../../../../../H-x86_64-mingw32/nios2-elf/lib/mno-hw-mul\libsmallc.a(lib_a-memcmp.o)
 .debug_ranges  0x0000000000000168       0x10 k:/intelfpga_lite/18.1/nios2eds/bin/gnu/h-x86_64-mingw32/bin/../lib/gcc/nios2-elf/5.3.0/../../../../../H-x86_64-mingw32/nios2-elf/lib/mno-hw-mul\libsmallc.a(lib_a-memcpy.o)
 .debug_ranges  0x0000000000000178       0x28 k:/intelfpga_lite/18.1/nios2eds/bin/gnu/h-x86_64-mingw32/bin/../lib/gcc/nios2-elf/5.3.0/../../../../../H-x86_64-mingw32/nios2-elf/lib/mno-hw-mul\libsmallc.a(lib_a-__call_atexit.o)
